absence_rotation.py: OK
campaign.json: OK
completion_headroom.py: OK
inputs_preparation/prepared/heterogeneous/config.json: OK
inputs_preparation/prepared/heterogeneous/workload.json: OK
inputs_preparation/prepared/long/config.json: OK
inputs_preparation/prepared/long/workload.json: OK
inputs_preparation/prepared/short/config.json: OK
inputs_preparation/prepared/short/workload.json: OK
ltr_recompute_native.py: OK
memory_telemetry.py: OK
metrics.py: OK
native_capture.py: OK
recovery_service_components.py: OK
restore_obligation.py: OK
rotation_native.py: OK
run.sh: OK
run_probe.py: OK
safe_static.py: OK
START 2026-09-14T01:22:48Z context-block0-native
END 2026-09-14T01:23:56Z context-block0-native
START 2026-09-14T01:23:56Z context-block0-most_output
END 2026-09-14T01:25:03Z context-block0-most_output
START 2026-09-14T01:25:03Z context-block0-least_progress
END 2026-09-14T01:26:10Z context-block0-least_progress
START 2026-09-14T01:26:10Z context-block1-least_progress
END 2026-09-14T01:27:19Z context-block1-least_progress
START 2026-09-14T01:27:19Z context-block1-most_output
END 2026-09-14T01:28:25Z context-block1-most_output
START 2026-09-14T01:28:25Z context-block1-native
END 2026-09-14T01:29:33Z context-block1-native
CAMPAIGN_FINISHED 2026-09-14T01:29:33Z
