Looking in indexes: https://pypi.tuna.tsinghua.edu.cn/simple
Obtaining file:///root/autodl-tmp/wisp-runtime-0112-r01/source
  Installing build dependencies: started
  Installing build dependencies: finished with status 'done'
  Checking if build backend supports build_editable: started
  Checking if build backend supports build_editable: finished with status 'done'
  Getting requirements to build editable: started
  Getting requirements to build editable: finished with status 'done'
  Preparing editable metadata (pyproject.toml): started
  Preparing editable metadata (pyproject.toml): finished with status 'done'
Building wheels for collected packages: wisp-moe
  Building editable for wisp-moe (pyproject.toml): started
  Building editable for wisp-moe (pyproject.toml): finished with status 'done'
  Created wheel for wisp-moe: filename=wisp_moe-0.0.1-0.editable-py3-none-any.whl size=8270 sha256=23d63826ad5e10509b7b712da39f4c7fac4e9b95c252a5686730408e39682138
  Stored in directory: /tmp/pip-ephem-wheel-cache-dcba_u7b/wheels/24/ee/eb/2aab797c395a873cdcee7243e855272a756f3f60c86bdbe7b5
Successfully built wisp-moe
Installing collected packages: wisp-moe
Successfully installed wisp-moe-0.0.1

[notice] A new release of pip is available: 24.0 -> 26.2.1
[notice] To update, run: /root/autodl-tmp/wisp-runtime-0112-r01/venv/bin/python -m pip install --upgrade pip
