{"status": "DOWNLOADING_RANGES", "pid": 3934, "expected_sha256": "15ef5c730ee3cfed7199498788cd2faf337203fc74b529625e7502cdd759f4a7", "expected_bytes": 4997235176, "started_unix_s": 1789285230.4825933, "readonly_prefix_bytes": 2550136832, "total_ranges": 37, "completed_ranges": 0}
{"completed_ranges": 1, "total_ranges": 37}
{"completed_ranges": 2, "total_ranges": 37}
{"completed_ranges": 3, "total_ranges": 37}
{"completed_ranges": 4, "total_ranges": 37}
{"completed_ranges": 5, "total_ranges": 37}
{"completed_ranges": 6, "total_ranges": 37}
{"completed_ranges": 7, "total_ranges": 37}
{"completed_ranges": 8, "total_ranges": 37}
{"completed_ranges": 9, "total_ranges": 37}
{"completed_ranges": 10, "total_ranges": 37}
{"completed_ranges": 11, "total_ranges": 37}
{"completed_ranges": 12, "total_ranges": 37}
{"completed_ranges": 13, "total_ranges": 37}
{"completed_ranges": 14, "total_ranges": 37}
{"completed_ranges": 15, "total_ranges": 37}
{"completed_ranges": 16, "total_ranges": 37}
{"completed_ranges": 17, "total_ranges": 37}
{"completed_ranges": 18, "total_ranges": 37}
{"completed_ranges": 19, "total_ranges": 37}
{"completed_ranges": 20, "total_ranges": 37}
{"completed_ranges": 21, "total_ranges": 37}
{"completed_ranges": 22, "total_ranges": 37}
{"completed_ranges": 23, "total_ranges": 37}
{"completed_ranges": 24, "total_ranges": 37}
{"completed_ranges": 25, "total_ranges": 37}
{"completed_ranges": 26, "total_ranges": 37}
{"completed_ranges": 27, "total_ranges": 37}
{"completed_ranges": 28, "total_ranges": 37}
{"completed_ranges": 29, "total_ranges": 37}
{"completed_ranges": 30, "total_ranges": 37}
{"completed_ranges": 31, "total_ranges": 37}
{"completed_ranges": 32, "total_ranges": 37}
{"completed_ranges": 33, "total_ranges": 37}
{"completed_ranges": 34, "total_ranges": 37}
{"completed_ranges": 35, "total_ranges": 37}
{"completed_ranges": 36, "total_ranges": 37}
Traceback (most recent call last):
  File "<string>", line 41, in <module>
  File "/root/miniconda3/lib/python3.12/concurrent/futures/_base.py", line 449, in result
    return self.__get_result()
           ^^^^^^^^^^^^^^^^^^^
  File "/root/miniconda3/lib/python3.12/concurrent/futures/_base.py", line 401, in __get_result
    raise self._exception
  File "/root/miniconda3/lib/python3.12/concurrent/futures/thread.py", line 58, in run
    result = self.fn(*self.args, **self.kwargs)
             ^^^^^^^^^^^^^^^^^^^^^^^^^^^^^^^^^^
  File "<string>", line 31, in fetch
  File "/root/miniconda3/lib/python3.12/subprocess.py", line 571, in run
    raise CalledProcessError(retcode, process.args,
subprocess.CalledProcessError: Command '['curl', '-L', '--fail', '--silent', '--show-error', '--range', '3758096384-3825205247', '--max-time', '150', '--retry', '2', '--dump-header', '/root/autodl-tmp/bootstrap-first-swap-20260913-r01/shard2-assist/range-3758096384.headers', '-o', '/root/autodl-tmp/bootstrap-first-swap-20260913-r01/shard2-assist/range-3758096384', 'https://hf-mirror.com/allenai/OLMoE-1B-7B-0924/resolve/6d84c48581ece794365f2b8e9cfb043c68ade9c5/model-00002-of-00003.safetensors']' returned non-zero exit status 28.
