absence_rotation.py: OK
campaign.json: OK
completion_headroom.py: OK
inputs_preparation/prepared/long/config.json: OK
inputs_preparation/prepared/long/workload.json: OK
inputs_preparation/prepared/short/config.json: OK
inputs_preparation/prepared/short/workload.json: OK
ltr_recompute_native.py: OK
memory_telemetry.py: OK
metrics.py: OK
native_capture.py: OK
recovery_service_components.py: OK
rotation_native.py: OK
run.sh: OK
run_probe.py: OK
safe_static.py: OK
START 2026-09-13T18:24:01Z block0-d6-boost-off
END 2026-09-13T18:25:12Z block0-d6-boost-off
START 2026-09-13T18:25:12Z block0-d6-boost-on
END 2026-09-13T18:26:25Z block0-d6-boost-on
START 2026-09-13T18:26:25Z block1-d6-boost-on
END 2026-09-13T18:27:36Z block1-d6-boost-on
START 2026-09-13T18:27:36Z block1-d6-boost-off
END 2026-09-13T18:28:49Z block1-d6-boost-off
CAMPAIGN_FINISHED 2026-09-13T18:28:49Z
