nohup: ignoring input
`torch_dtype` is deprecated! Use `dtype` instead!
Loading checkpoint shards:   0%|          | 0/3 [00:00<?, ?it/s]Loading checkpoint shards:  67%|██████▋   | 2/3 [00:00<00:00, 14.34it/s]Loading checkpoint shards: 100%|██████████| 3/3 [00:00<00:00, 15.99it/s]
{"cell": 0, "repeat": 0, "regime": "steady", "cap": 6, "telemetry": false, "status": "COMPLETE", "goodput_rps": 1.7653535865336307, "slo_attainment": 0.9375, "throughput_rps": 1.8830438256358728, "n_completed": 16, "ttft_p50_s": 2.658806035295129, "tpot_p50_s": 0.17567540891468525, "U_mean": null, "C_mean": null}
{"cell": 1, "repeat": 0, "regime": "steady", "cap": 6, "telemetry": true, "status": "COMPLETE", "goodput_rps": 1.625453887219619, "slo_attainment": 0.875, "throughput_rps": 1.85766158539385, "n_completed": 16, "ttft_p50_s": 2.739436339586973, "tpot_p50_s": 0.1815859759847323, "U_mean": 0.4215087890625, "C_mean": 5.964062589531143}
{"cell": 2, "repeat": 0, "regime": "bursty", "cap": 6, "telemetry": false, "status": "COMPLETE", "goodput_rps": 1.7765451443847002, "slo_attainment": 0.9375, "throughput_rps": 1.8949814873436803, "n_completed": 16, "ttft_p50_s": 2.6773958671838045, "tpot_p50_s": 0.17827090074618657, "U_mean": null, "C_mean": null}
{"cell": 3, "repeat": 0, "regime": "bursty", "cap": 6, "telemetry": true, "status": "COMPLETE", "goodput_rps": 1.6015887400558597, "slo_attainment": 0.875, "throughput_rps": 1.8303871314924112, "n_completed": 16, "ttft_p50_s": 2.7440071776509285, "tpot_p50_s": 0.18344719260931014, "U_mean": 0.4215087890625, "C_mean": 5.964062589531143}
`torch_dtype` is deprecated! Use `dtype` instead!
Loading checkpoint shards:   0%|          | 0/3 [00:00<?, ?it/s]Loading checkpoint shards:  67%|██████▋   | 2/3 [00:00<00:00, 14.94it/s]Loading checkpoint shards: 100%|██████████| 3/3 [00:00<00:00, 16.43it/s]
{"cell": 0, "repeat": 0, "regime": "steady", "cap": 6, "telemetry": false, "status": "COMPLETE", "goodput_rps": 1.8433569654909219, "slo_attainment": 0.9375, "throughput_rps": 1.9662474298569834, "n_completed": 16, "ttft_p50_s": 1.9911263827234507, "tpot_p50_s": 0.17574814135829608, "U_mean": null, "C_mean": null}
{"cell": 1, "repeat": 0, "regime": "steady", "cap": 6, "telemetry": true, "status": "COMPLETE", "goodput_rps": 1.657891213118398, "slo_attainment": 0.875, "throughput_rps": 1.894732814992455, "n_completed": 16, "ttft_p50_s": 2.050519347190857, "tpot_p50_s": 0.18342894725501535, "U_mean": 0.4110514322916667, "C_mean": 5.975756514817476}
{"cell": 2, "repeat": 0, "regime": "bursty", "cap": 6, "telemetry": false, "status": "COMPLETE", "goodput_rps": 1.6006910835044244, "slo_attainment": 0.875, "throughput_rps": 1.8293612382907707, "n_completed": 16, "ttft_p50_s": 2.0643244944512844, "tpot_p50_s": 0.1837152605255445, "U_mean": null, "C_mean": null}
{"cell": 3, "repeat": 0, "regime": "bursty", "cap": 6, "telemetry": true, "status": "COMPLETE", "goodput_rps": 1.4759896370401195, "slo_attainment": 0.8125, "throughput_rps": 1.816602630203224, "n_completed": 16, "ttft_p50_s": 2.1354119051247835, "tpot_p50_s": 0.18613941011329493, "U_mean": 0.4110514322916667, "C_mean": 5.975756514817476}
`torch_dtype` is deprecated! Use `dtype` instead!
Loading checkpoint shards:   0%|          | 0/3 [00:00<?, ?it/s]Loading checkpoint shards:  67%|██████▋   | 2/3 [00:00<00:00, 14.98it/s]Loading checkpoint shards: 100%|██████████| 3/3 [00:00<00:00, 16.43it/s]
{"cell": 0, "repeat": 0, "regime": "steady", "cap": 6, "telemetry": false, "status": "COMPLETE", "goodput_rps": 1.8445385584062308, "slo_attainment": 0.9375, "throughput_rps": 1.967507795633313, "n_completed": 16, "ttft_p50_s": 1.9569581542164087, "tpot_p50_s": 0.1765185760955016, "U_mean": null, "C_mean": null}
{"cell": 1, "repeat": 0, "regime": "steady", "cap": 6, "telemetry": true, "status": "COMPLETE", "goodput_rps": 1.5708717959749632, "slo_attainment": 0.875, "throughput_rps": 1.795282052542815, "n_completed": 16, "ttft_p50_s": 2.0814045444130898, "tpot_p50_s": 0.18305500075221062, "U_mean": 0.4110514322916667, "C_mean": 5.975756514817476}
{"cell": 2, "repeat": 0, "regime": "bursty", "cap": 6, "telemetry": false, "status": "COMPLETE", "goodput_rps": 1.7431028781655524, "slo_attainment": 0.9375, "throughput_rps": 1.8593097367099225, "n_completed": 16, "ttft_p50_s": 2.058369554579258, "tpot_p50_s": 0.17925963463882605, "U_mean": null, "C_mean": null}
{"cell": 3, "repeat": 0, "regime": "bursty", "cap": 6, "telemetry": true, "status": "COMPLETE", "goodput_rps": 1.5192905504070782, "slo_attainment": 0.8125, "throughput_rps": 1.8698960620394809, "n_completed": 16, "ttft_p50_s": 2.208719654008746, "tpot_p50_s": 0.18142279672125974, "U_mean": 0.4110514322916667, "C_mean": 5.975756514817476}
`torch_dtype` is deprecated! Use `dtype` instead!
Loading checkpoint shards:   0%|          | 0/3 [00:00<?, ?it/s]Loading checkpoint shards:  67%|██████▋   | 2/3 [00:00<00:00, 15.30it/s]Loading checkpoint shards: 100%|██████████| 3/3 [00:00<00:00, 16.72it/s]
{"cell": 0, "repeat": 0, "regime": "steady", "cap": 6, "telemetry": false, "status": "COMPLETE", "goodput_rps": 1.7653892230479469, "slo_attainment": 0.9375, "throughput_rps": 1.88308183791781, "n_completed": 16, "ttft_p50_s": 2.6512673776596785, "tpot_p50_s": 0.17610084501405557, "U_mean": null, "C_mean": null}
{"cell": 1, "repeat": 0, "regime": "steady", "cap": 6, "telemetry": true, "status": "COMPLETE", "goodput_rps": 1.4903010949865296, "slo_attainment": 0.8125, "throughput_rps": 1.8342167322911136, "n_completed": 16, "ttft_p50_s": 2.955727132037282, "tpot_p50_s": 0.1789979537328084, "U_mean": 0.4215087890625, "C_mean": 5.964062589531143}
{"cell": 2, "repeat": 0, "regime": "bursty", "cap": 6, "telemetry": false, "status": "COMPLETE", "goodput_rps": 1.7946173535169943, "slo_attainment": 0.9375, "throughput_rps": 1.9142585104181273, "n_completed": 16, "ttft_p50_s": 2.6803367249667645, "tpot_p50_s": 0.17575238309800623, "U_mean": null, "C_mean": null}
{"cell": 3, "repeat": 0, "regime": "bursty", "cap": 6, "telemetry": true, "status": "COMPLETE", "goodput_rps": 0.8774310863829895, "slo_attainment": 0.5, "throughput_rps": 1.754862172765979, "n_completed": 16, "ttft_p50_s": 3.0423317160457373, "tpot_p50_s": 0.19609079683820407, "U_mean": 0.4215087890625, "C_mean": 5.964062589531143}
