/Users/leandrozhao/Desktop/毕设论文资料/.venv/lib/python3.9/site-packages/urllib3/__init__.py:35: NotOpenSSLWarning: urllib3 v2 only supports OpenSSL 1.1.1+, currently the 'ssl' module is compiled with 'LibreSSL 2.8.3'. See: https://github.com/urllib3/urllib3/issues/3020
  warnings.warn(
Loading checkpoint shards:   0%|          | 0/3 [00:00<?, ?it/s]Loading checkpoint shards:  33%|███▎      | 1/3 [00:00<00:00,  9.57it/s]Loading checkpoint shards:  67%|██████▋   | 2/3 [00:00<00:00,  9.17it/s]Loading checkpoint shards: 100%|██████████| 3/3 [00:00<00:00, 10.06it/s]
model loaded in 1.7s
sample 1/32
  uniform_fp8: KL_free=0.523959  KL_locked=0.302333  drift_frac=0.4230
  rank8_fp8: KL_free=0.292851  KL_locked=0.050100  drift_frac=0.8289
  rank1_fp8: KL_free=0.553119  KL_locked=0.165315  drift_frac=0.7011
  rank8_int4: KL_free=0.681464  KL_locked=0.269916  drift_frac=0.6039
sample 2/32
  uniform_fp8: KL_free=0.433850  KL_locked=0.207046  drift_frac=0.5228
  rank8_fp8: KL_free=0.134030  KL_locked=0.047113  drift_frac=0.6485
  rank1_fp8: KL_free=0.323435  KL_locked=0.129764  drift_frac=0.5988
  rank8_int4: KL_free=0.418269  KL_locked=0.245438  drift_frac=0.4132
sample 3/32
  uniform_fp8: KL_free=0.272997  KL_locked=0.090377  drift_frac=0.6689
  rank8_fp8: KL_free=0.161774  KL_locked=0.023685  drift_frac=0.8536
  rank1_fp8: KL_free=0.271039  KL_locked=0.057607  drift_frac=0.7875
  rank8_int4: KL_free=0.343963  KL_locked=0.217395  drift_frac=0.3680
sample 4/32
  uniform_fp8: KL_free=0.186060  KL_locked=0.054141  drift_frac=0.7090
  rank8_fp8: KL_free=0.082142  KL_locked=0.020363  drift_frac=0.7521
  rank1_fp8: KL_free=0.165736  KL_locked=0.040682  drift_frac=0.7545
  rank8_int4: KL_free=0.214120  KL_locked=0.155261  drift_frac=0.2749
sample 5/32
  uniform_fp8: KL_free=0.175452  KL_locked=0.056844  drift_frac=0.6760
  rank8_fp8: KL_free=0.050644  KL_locked=0.016965  drift_frac=0.6650
  rank1_fp8: KL_free=0.129973  KL_locked=0.035112  drift_frac=0.7299
  rank8_int4: KL_free=0.163160  KL_locked=0.089726  drift_frac=0.4501
sample 6/32
  uniform_fp8: KL_free=0.075195  KL_locked=0.030636  drift_frac=0.5926
  rank8_fp8: KL_free=0.030941  KL_locked=0.009424  drift_frac=0.6954
  rank1_fp8: KL_free=0.087184  KL_locked=0.020956  drift_frac=0.7596
  rank8_int4: KL_free=0.093444  KL_locked=0.053518  drift_frac=0.4273
sample 7/32
  uniform_fp8: KL_free=0.074108  KL_locked=0.030335  drift_frac=0.5907
  rank8_fp8: KL_free=0.048240  KL_locked=0.009424  drift_frac=0.8047
  rank1_fp8: KL_free=0.099191  KL_locked=0.021025  drift_frac=0.7880
  rank8_int4: KL_free=0.116577  KL_locked=0.071028  drift_frac=0.3907
sample 8/32
  uniform_fp8: KL_free=0.065212  KL_locked=0.025600  drift_frac=0.6074
  rank8_fp8: KL_free=0.016609  KL_locked=0.009858  drift_frac=0.4065
  rank1_fp8: KL_free=0.058348  KL_locked=0.024018  drift_frac=0.5884
  rank8_int4: KL_free=0.112284  KL_locked=0.053038  drift_frac=0.5276
sample 9/32
  uniform_fp8: KL_free=0.508918  KL_locked=0.170350  drift_frac=0.6653
  rank8_fp8: KL_free=0.121191  KL_locked=0.043367  drift_frac=0.6422
  rank1_fp8: KL_free=0.498477  KL_locked=0.099125  drift_frac=0.8011
  rank8_int4: KL_free=0.788330  KL_locked=0.302785  drift_frac=0.6159
sample 10/32
  uniform_fp8: KL_free=0.222889  KL_locked=0.106306  drift_frac=0.5231
  rank8_fp8: KL_free=0.140232  KL_locked=0.032723  drift_frac=0.7667
  rank1_fp8: KL_free=0.146153  KL_locked=0.070403  drift_frac=0.5183
  rank8_int4: KL_free=0.405722  KL_locked=0.276379  drift_frac=0.3188
sample 11/32
  uniform_fp8: KL_free=0.374109  KL_locked=0.169648  drift_frac=0.5465
  rank8_fp8: KL_free=0.150702  KL_locked=0.033436  drift_frac=0.7781
  rank1_fp8: KL_free=0.319527  KL_locked=0.105191  drift_frac=0.6708
  rank8_int4: KL_free=0.845989  KL_locked=0.280098  drift_frac=0.6689
sample 12/32
  uniform_fp8: KL_free=0.373808  KL_locked=0.102058  drift_frac=0.7270
  rank8_fp8: KL_free=0.162028  KL_locked=0.029271  drift_frac=0.8193
  rank1_fp8: KL_free=0.246972  KL_locked=0.067729  drift_frac=0.7258
  rank8_int4: KL_free=0.466320  KL_locked=0.303235  drift_frac=0.3497
sample 13/32
  uniform_fp8: KL_free=0.197404  KL_locked=0.079967  drift_frac=0.5949
  rank8_fp8: KL_free=0.118409  KL_locked=0.019472  drift_frac=0.8356
  rank1_fp8: KL_free=0.243413  KL_locked=0.055692  drift_frac=0.7712
  rank8_int4: KL_free=0.246390  KL_locked=0.100467  drift_frac=0.5922
sample 14/32
  uniform_fp8: KL_free=0.161882  KL_locked=0.088893  drift_frac=0.4509
  rank8_fp8: KL_free=0.054523  KL_locked=0.023682  drift_frac=0.5657
  rank1_fp8: KL_free=0.121110  KL_locked=0.078275  drift_frac=0.3537
  rank8_int4: KL_free=0.200083  KL_locked=0.109402  drift_frac=0.4532
sample 15/32
  uniform_fp8: KL_free=0.071027  KL_locked=0.040608  drift_frac=0.4283
  rank8_fp8: KL_free=0.016579  KL_locked=0.009666  drift_frac=0.4170
  rank1_fp8: KL_free=0.040216  KL_locked=0.023999  drift_frac=0.4033
  rank8_int4: KL_free=0.080453  KL_locked=0.071562  drift_frac=0.1105
sample 16/32
  uniform_fp8: KL_free=0.170516  KL_locked=0.054914  drift_frac=0.6780
  rank8_fp8: KL_free=0.066866  KL_locked=0.013767  drift_frac=0.7941
  rank1_fp8: KL_free=0.158340  KL_locked=0.037931  drift_frac=0.7604
  rank8_int4: KL_free=0.152960  KL_locked=0.087010  drift_frac=0.4312
sample 17/32
  uniform_fp8: KL_free=0.242942  KL_locked=0.141193  drift_frac=0.4188
  rank8_fp8: KL_free=0.094089  KL_locked=0.023663  drift_frac=0.7485
  rank1_fp8: KL_free=0.184903  KL_locked=0.086649  drift_frac=0.5314
  rank8_int4: KL_free=0.169123  KL_locked=0.089640  drift_frac=0.4700
sample 18/32
  uniform_fp8: KL_free=0.621964  KL_locked=0.235191  drift_frac=0.6219
  rank8_fp8: KL_free=0.274408  KL_locked=0.050290  drift_frac=0.8167
  rank1_fp8: KL_free=0.623217  KL_locked=0.156182  drift_frac=0.7494
  rank8_int4: KL_free=0.714622  KL_locked=0.440358  drift_frac=0.3838
sample 19/32
  uniform_fp8: KL_free=0.288820  KL_locked=0.154047  drift_frac=0.4666
  rank8_fp8: KL_free=0.183555  KL_locked=0.045918  drift_frac=0.7498
  rank1_fp8: KL_free=0.401384  KL_locked=0.100569  drift_frac=0.7494
  rank8_int4: KL_free=0.589422  KL_locked=0.289990  drift_frac=0.5080
sample 20/32
  uniform_fp8: KL_free=0.122395  KL_locked=0.041990  drift_frac=0.6569
  rank8_fp8: KL_free=0.049005  KL_locked=0.007246  drift_frac=0.8521
  rank1_fp8: KL_free=0.122510  KL_locked=0.031734  drift_frac=0.7410
  rank8_int4: KL_free=0.160009  KL_locked=0.045493  drift_frac=0.7157
sample 21/32
  uniform_fp8: KL_free=0.388931  KL_locked=0.133467  drift_frac=0.6568
  rank8_fp8: KL_free=0.278791  KL_locked=0.020085  drift_frac=0.9280
  rank1_fp8: KL_free=0.293462  KL_locked=0.078722  drift_frac=0.7317
  rank8_int4: KL_free=0.335403  KL_locked=0.103443  drift_frac=0.6916
sample 22/32
  uniform_fp8: KL_free=0.391012  KL_locked=0.164255  drift_frac=0.5799
  rank8_fp8: KL_free=0.135025  KL_locked=0.038454  drift_frac=0.7152
  rank1_fp8: KL_free=0.289813  KL_locked=0.106830  drift_frac=0.6314
  rank8_int4: KL_free=0.509744  KL_locked=0.251137  drift_frac=0.5073
sample 23/32
  uniform_fp8: KL_free=0.200114  KL_locked=0.076553  drift_frac=0.6175
  rank8_fp8: KL_free=0.070049  KL_locked=0.019873  drift_frac=0.7163
  rank1_fp8: KL_free=0.270016  KL_locked=0.046816  drift_frac=0.8266
  rank8_int4: KL_free=0.248498  KL_locked=0.131551  drift_frac=0.4706
sample 24/32
  uniform_fp8: KL_free=0.131570  KL_locked=0.059588  drift_frac=0.5471
  rank8_fp8: KL_free=0.038134  KL_locked=0.015649  drift_frac=0.5896
  rank1_fp8: KL_free=0.102742  KL_locked=0.036394  drift_frac=0.6458
  rank8_int4: KL_free=0.139567  KL_locked=0.058773  drift_frac=0.5789
sample 25/32
  uniform_fp8: KL_free=0.329114  KL_locked=0.144311  drift_frac=0.5615
  rank8_fp8: KL_free=0.080879  KL_locked=0.037381  drift_frac=0.5378
  rank1_fp8: KL_free=0.293527  KL_locked=0.115933  drift_frac=0.6050
  rank8_int4: KL_free=0.285717  KL_locked=0.155950  drift_frac=0.4542
sample 26/32
  uniform_fp8: KL_free=0.437244  KL_locked=0.135063  drift_frac=0.6911
  rank8_fp8: KL_free=0.247859  KL_locked=0.036964  drift_frac=0.8509
  rank1_fp8: KL_free=0.344916  KL_locked=0.102700  drift_frac=0.7022
  rank8_int4: KL_free=0.472506  KL_locked=0.217148  drift_frac=0.5404
sample 27/32
  uniform_fp8: KL_free=0.242992  KL_locked=0.084223  drift_frac=0.6534
  rank8_fp8: KL_free=0.083494  KL_locked=0.032744  drift_frac=0.6078
  rank1_fp8: KL_free=0.205935  KL_locked=0.071158  drift_frac=0.6545
  rank8_int4: KL_free=0.288283  KL_locked=0.127654  drift_frac=0.5572
sample 28/32
  uniform_fp8: KL_free=0.455141  KL_locked=0.141660  drift_frac=0.6888
  rank8_fp8: KL_free=0.246341  KL_locked=0.042606  drift_frac=0.8270
  rank1_fp8: KL_free=0.470077  KL_locked=0.103166  drift_frac=0.7805
  rank8_int4: KL_free=0.519707  KL_locked=0.253071  drift_frac=0.5130
sample 29/32
  uniform_fp8: KL_free=0.510341  KL_locked=0.140179  drift_frac=0.7253
  rank8_fp8: KL_free=0.296917  KL_locked=0.039436  drift_frac=0.8672
  rank1_fp8: KL_free=0.398865  KL_locked=0.120653  drift_frac=0.6975
  rank8_int4: KL_free=0.590142  KL_locked=0.277511  drift_frac=0.5298
sample 30/32
  uniform_fp8: KL_free=0.336369  KL_locked=0.142972  drift_frac=0.5750
  rank8_fp8: KL_free=0.194138  KL_locked=0.039616  drift_frac=0.7959
  rank1_fp8: KL_free=0.270358  KL_locked=0.090892  drift_frac=0.6638
  rank8_int4: KL_free=0.424553  KL_locked=0.214667  drift_frac=0.4944
sample 31/32
  uniform_fp8: KL_free=0.427145  KL_locked=0.148929  drift_frac=0.6513
  rank8_fp8: KL_free=0.121071  KL_locked=0.039234  drift_frac=0.6759
  rank1_fp8: KL_free=0.292314  KL_locked=0.116368  drift_frac=0.6019
  rank8_int4: KL_free=0.418106  KL_locked=0.214329  drift_frac=0.4874
sample 32/32
  uniform_fp8: KL_free=0.349102  KL_locked=0.181669  drift_frac=0.4796
  rank8_fp8: KL_free=0.133035  KL_locked=0.040933  drift_frac=0.6923
  rank1_fp8: KL_free=0.208780  KL_locked=0.118562  drift_frac=0.4321
  rank8_int4: KL_free=0.368615  KL_locked=0.181995  drift_frac=0.5063

results saved to outputs/main_experiments/olmoe_fp8_drift/
