START 2026-09-13T16:25:28Z block0-d0-native
END 2026-09-13T16:26:36Z block0-d0-native exit=0
START 2026-09-13T16:26:38Z block0-d0-rotate
END 2026-09-13T16:27:43Z block0-d0-rotate exit=1
START 2026-09-13T16:27:45Z block0-d2-native
END 2026-09-13T16:28:54Z block0-d2-native exit=0
START 2026-09-13T16:28:56Z block0-d2-rotate
END 2026-09-13T16:30:03Z block0-d2-rotate exit=0
START 2026-09-13T16:30:05Z block0-d4-native
END 2026-09-13T16:31:15Z block0-d4-native exit=0
START 2026-09-13T16:31:17Z block0-d4-rotate
END 2026-09-13T16:32:27Z block0-d4-rotate exit=0
START 2026-09-13T16:32:29Z block0-d6-native
END 2026-09-13T16:33:40Z block0-d6-native exit=0
START 2026-09-13T16:33:42Z block0-d6-rotate
END 2026-09-13T16:34:53Z block0-d6-rotate exit=0
START 2026-09-13T16:34:55Z block1-d6-rotate
END 2026-09-13T16:36:05Z block1-d6-rotate exit=0
START 2026-09-13T16:36:07Z block1-d6-native
END 2026-09-13T16:37:19Z block1-d6-native exit=0
START 2026-09-13T16:37:21Z block1-d4-rotate
END 2026-09-13T16:38:30Z block1-d4-rotate exit=0
START 2026-09-13T16:38:32Z block1-d4-native
END 2026-09-13T16:39:41Z block1-d4-native exit=0
START 2026-09-13T16:39:43Z block1-d2-rotate
END 2026-09-13T16:40:52Z block1-d2-rotate exit=0
START 2026-09-13T16:40:54Z block1-d2-native
END 2026-09-13T16:42:01Z block1-d2-native exit=0
START 2026-09-13T16:42:03Z block1-d0-rotate
END 2026-09-13T16:43:11Z block1-d0-rotate exit=1
START 2026-09-13T16:43:13Z block1-d0-native
END 2026-09-13T16:44:20Z block1-d0-native exit=0
CAMPAIGN_FINISHED 2026-09-13T16:44:22Z
