EQUAL_HELD_ONCE_ENTRY controller_pid=102853 entry_sha256=35bce9c85b56f5fbba563f686f20472994556f1151ff3eee5b8f11bc8e3d4bba
NATIVE_HOST_SEEDED_ENTRY controller_pid=102853 entry_sha256=8afbc4e37468387c7ceee175a100b6d996c0b0b5fe5845055ff83fd2422f5e07
NATIVE_HOST_HANDOFF_ENTRY controller_pid=102853 entry_sha256=1ba4b922efb170b97caf0c2124dea330d647a60506657f9dc8e1d5fb825d9ee0 handoff_limit_seconds=300
WAIT_SHARED_GPU_LOCK controller_pid=102853 limit_seconds=3600
ACQUIRED_SHARED_GPU_LOCK waited_seconds=29.534
WAIT_GPU_HANDOFF controller_pid=102853 reason=compute_processes elapsed_seconds=0.166 memory_used_mib=14475 utilization_gpu_percent=0
GPU_HANDOFF_READY controller_pid=102853 elapsed_seconds=5.296 complete_readings=2 no_retry=true
Traceback (most recent call last):
  File "/root/autodl-tmp/moe-a-victim-20261004/run_native_equal_held_group_seeded.py", line 16, in <module>
    raise SystemExit(main())
                     ^^^^^^
  File "/root/autodl-tmp/moe-a-victim-20261004/run_native_equal_held_group_seeded.py", line 12, in main
    return seeded.main()
           ^^^^^^^^^^^^^
  File "/root/autodl-tmp/moe-a-victim-20261004/run_native_host_group_seeded.py", line 41, in main
    return handoff.main()
           ^^^^^^^^^^^^^^
  File "/root/autodl-tmp/moe-a-victim-20261004/run_native_host_group_handoff.py", line 115, in main
    return group.main()
           ^^^^^^^^^^^^
  File "/root/autodl-tmp/moe-a-victim-20261004/run_native_equal_held_group.py", line 101, in main
    return base.run(plan, args.plan)
           ^^^^^^^^^^^^^^^^^^^^^^^^^
  File "/root/autodl-tmp/moe-a-victim-20261004/run_native_group_seeded_base.py", line 235, in run
    require(shutil.disk_usage(session).free >= plan["minimum_free_disk_bytes"], "Insufficient new-host disk space")
  File "/root/autodl-tmp/moe-a-victim-20261004/run_native_group_seeded_base.py", line 23, in require
    raise ValueError(message)
ValueError: Insufficient new-host disk space
