{
  "evidence": "STRUCTURAL",
  "start_step": 98,
  "initial_free": 403,
  "source_sha256": {
    "/Users/leandrozhao/Desktop/\u3001++++++++/refine-logs/expert_saturation/outputs/admission_capacity/20260915_repeated_kv_service_r01/execution_weste_26862/readback/results/diag-on/raw.json": "b52e838b3f370e5fbc0bc8fdce2152431865ec3dfd81bffeccf6bcec25cf82af",
    "/Users/leandrozhao/Desktop/\u3001++++++++/refine-logs/expert_saturation/experiments/admission_capacity/recovery_progress_model.py": "58571d9894d8504c1145d0116ced60f4659d4c676722924c0f2797ef4fc14818",
    "/Users/leandrozhao/Desktop/\u3001++++++++/refine-logs/expert_saturation/experiments/admission_capacity/absence_rotation.py": "abc721e9ab5bed4634fca85d515a5eabb23f962de7d74e96a45dda8faa0ff9e4"
  },
  "frozen": {
    "restore_delay_steps": 2,
    "thresholds": [
      30,
      0
    ],
    "unchanged_config": {
      "min_steps_between_swaps": 20,
      "free_block_slack": 0,
      "min_residency_steps": 30,
      "protect_progress_fraction": 0.9,
      "max_absences_per_request": 8,
      "enabled": true
    }
  },
  "first_prepare": {
    "30": {
      "step": 329,
      "event": "prepare",
      "victim": "measured/memory-train-article-0000001",
      "target": "measured/memory-train-article-0003640",
      "prefix": 3392
    },
    "0": {
      "step": 300,
      "event": "prepare",
      "victim": "measured/memory-train-article-0000001",
      "target": "measured/memory-train-article-0003640",
      "prefix": 3360
    }
  },
  "validation_only": {
    "threshold": 30,
    "first_mismatch_step": null,
    "actual_calls": 1312,
    "predicted_calls": 1312
  },
  "boundary": "Only before-step98 state and pre-cutoff empty tracker enter prediction; held-block placeholders encode counts, not physical addresses. Known declared output cap1024, closed cohort; no future EOS/load notifications, timings or output identities. Store fences/host allocation assumed successful, no host eviction, fixed delay2; no wall-clock gain or global optimum claim."
}
30 {'status': 'COMPLETE', 'last_step': 1311, 'total_calls_including_shared_prefix': 1312, 'simulated_calls': 1214, 'completed_count': 32, 'mean_completion_step': 1167.125, 'preemptions': 44, 'resumed': 44, 'forced_commits': 38, 'recovery_recompute_tokens': 3731, 'executed_tokens': 34952, 'load_jobs': 43, 'load_tokens': 160096, 'stored_incremental_tokens': 95376, 'peak_live_saved_tokens': 95376, 'zero_output_reinvalidated': 0, 'one_two_output_reinvalidated': 0}
0 {'status': 'COMPLETE', 'last_step': 1308, 'total_calls_including_shared_prefix': 1309, 'simulated_calls': 1211, 'completed_count': 32, 'mean_completion_step': 1167.46875, 'preemptions': 47, 'resumed': 47, 'forced_commits': 41, 'recovery_recompute_tokens': 3755, 'executed_tokens': 34976, 'load_jobs': 46, 'load_tokens': 170160, 'stored_incremental_tokens': 95584, 'peak_live_saved_tokens': 95584, 'zero_output_reinvalidated': 0, 'one_two_output_reinvalidated': 0}
