absence_rotation.py: OK
campaign.json: OK
completion_headroom.py: OK
inputs_preparation/prepared/long/config.json: OK
inputs_preparation/prepared/long/workload.json: OK
inputs_preparation/prepared/short/config.json: OK
inputs_preparation/prepared/short/workload.json: OK
ltr_recompute_native.py: OK
memory_telemetry.py: OK
metrics.py: OK
native_capture.py: OK
recovery_service_components.py: OK
restore_obligation.py: OK
rotation_native.py: OK
run.sh: OK
run_probe.py: OK
safe_static.py: OK
START 2026-09-13T19:54:24Z block0-fit_scan
END 2026-09-13T19:55:35Z block0-fit_scan
START 2026-09-13T19:55:36Z block0-guard_all
END 2026-09-13T19:56:48Z block0-guard_all
START 2026-09-13T19:56:49Z block0-guard_residual
END 2026-09-13T19:58:02Z block0-guard_residual
START 2026-09-13T19:58:02Z block1-guard_residual
END 2026-09-13T19:59:14Z block1-guard_residual
START 2026-09-13T19:59:14Z block1-guard_all
END 2026-09-13T20:00:27Z block1-guard_all
START 2026-09-13T20:00:27Z block1-fit_scan
END 2026-09-13T20:01:37Z block1-fit_scan
CAMPAIGN_FINISHED 2026-09-13T20:01:37Z
