absence_rotation.py: OK
campaign.json: OK
completion_headroom.py: OK
inputs_preparation/prepared/long/config.json: OK
inputs_preparation/prepared/long/workload.json: OK
inputs_preparation/prepared/short/config.json: OK
inputs_preparation/prepared/short/workload.json: OK
ltr_recompute_native.py: OK
memory_telemetry.py: OK
metrics.py: OK
native_capture.py: OK
recovery_service_components.py: OK
restore_obligation.py: OK
rotation_native.py: OK
run.sh: OK
run_probe.py: OK
safe_static.py: OK
START 2026-09-13T19:16:54Z block0-d6-restore-off
END 2026-09-13T19:18:04Z block0-d6-restore-off
START 2026-09-13T19:18:04Z block0-d6-restore-on
END 2026-09-13T19:19:19Z block0-d6-restore-on
START 2026-09-13T19:19:19Z block1-d6-restore-on
END 2026-09-13T19:20:30Z block1-d6-restore-on
START 2026-09-13T19:20:30Z block1-d6-restore-off
END 2026-09-13T19:21:43Z block1-d6-restore-off
CAMPAIGN_FINISHED 2026-09-13T19:21:43Z
