/Users/leandrozhao/Desktop/毕设论文资料/.venv/lib/python3.9/site-packages/urllib3/__init__.py:35: NotOpenSSLWarning: urllib3 v2 only supports OpenSSL 1.1.1+, currently the 'ssl' module is compiled with 'LibreSSL 2.8.3'. See: https://github.com/urllib3/urllib3/issues/3020
  warnings.warn(
profile: 512 rows, 16 layers, 4 groups, top_k=8

=== Traffic Metrics ===
  uniform_fp8                saving=0.500  max_recv_saving=0.500  tbt_saving=0.500  imbalance=1.183
  fp8top4_rest_int4          saving=0.625  max_recv_saving=0.628  tbt_saving=0.627  imbalance=1.175
  recv_aware_hot1            saving=0.538  max_recv_saving=0.563  tbt_saving=0.563  imbalance=1.119
  recv_aware_hot2            saving=0.569  max_recv_saving=0.591  tbt_saving=0.591  imbalance=1.124

=== Accuracy (model forward) ===
Loading checkpoint shards:   0%|          | 0/3 [00:00<?, ?it/s]Loading checkpoint shards:  33%|███▎      | 1/3 [00:00<00:00,  6.15it/s]Loading checkpoint shards: 100%|██████████| 3/3 [00:00<00:00, 10.50it/s]Loading checkpoint shards: 100%|██████████| 3/3 [00:00<00:00,  9.81it/s]
model loaded in 1.7s
  full: PPL=15.0088
  uniform_fp8                PPL=14.9545  KL=0.2926  dPPL=-0.0542
  fp8top4_rest_int4          PPL=15.0192  KL=2.0047  dPPL=+0.0105
  recv_aware_hot1            PPL=14.9920  KL=0.7802  dPPL=-0.0168
  recv_aware_hot2            PPL=14.9379  KL=1.0866  dPPL=-0.0708

saved to outputs/main_experiments/olmoe_receiver_aware/receiver_aware_results.csv

=== Summary ===
strategy                   save% maxRecv%   tbt%  imbal   PPL_d      KL
uniform_fp8                50.0%    50.0%  50.0% 1.183 -0.054  0.293
fp8top4_rest_int4          62.5%    62.8%  62.7% 1.175 +0.010  2.005
recv_aware_hot1            53.8%    56.3%  56.3% 1.119 -0.017  0.780
recv_aware_hot2            56.9%    59.1%  59.1% 1.124 -0.071  1.087
