WAITING_SHARED_LOCK_NO_GPU_INITIALIZED
WAITING_PREVIOUS_GPU_CONTEXT_NO_GPU_INITIALIZED 13930, /root/miniconda3/bin/python, 14440 MiB
WAITING_PREVIOUS_GPU_CONTEXT_NO_GPU_INITIALIZED 13930, /root/miniconda3/bin/python, 14440 MiB
WAITING_PREVIOUS_GPU_CONTEXT_NO_GPU_INITIALIZED 13930, /root/miniconda3/bin/python, 14440 MiB
Traceback (most recent call last):
  File "/tmp/moe-d-prefill-continuation-20261007/cohort_control/run_cohort.py", line 137, in <module>
    raise SystemExit(main())
                     ^^^^^^
  File "/tmp/moe-d-prefill-continuation-20261007/cohort_control/run_cohort.py", line 128, in main
    result = base.main()
             ^^^^^^^^^^^
  File "/tmp/moe-d-prefill-continuation-20261007/run_confirmation.py", line 167, in main
    dump(out/'status.json',dict(status='INITIALIZING',pid=os.getpid()))
  File "/tmp/moe-d-prefill-continuation-20261007/cohort_control/run_cohort.py", line 104, in dump
    after_lock = resource_check(design, 'after_lock')
                 ^^^^^^^^^^^^^^^^^^^^^^^^^^^^^^^^^^^^
  File "/tmp/moe-d-prefill-continuation-20261007/device_refresh_53005/run_refresh.py", line 61, in resource_check
    assert free >= required, ('Root filesystem below frozen reserve', phase, free, required)
           ^^^^^^^^^^^^^^^^
AssertionError: ('Root filesystem below frozen reserve', 'after_lock', 1993535488, 2147483648)
