absence_rotation.py: OK
campaign.json: OK
completion_headroom.py: OK
inputs_preparation/prepared/long/config.json: OK
inputs_preparation/prepared/long/workload.json: OK
inputs_preparation/prepared/short/config.json: OK
inputs_preparation/prepared/short/workload.json: OK
ltr_recompute_native.py: OK
memory_telemetry.py: OK
metrics.py: OK
native_capture.py: OK
recovery_service_components.py: OK
rotation_native.py: OK
run.sh: OK
run_probe.py: OK
safe_static.py: OK
START 2026-09-13T18:54:32Z block0-d6-packing-fit_scan
END 2026-09-13T18:55:43Z block0-d6-packing-fit_scan
START 2026-09-13T18:55:43Z block0-d6-packing-rank_prefix
END 2026-09-13T18:56:56Z block0-d6-packing-rank_prefix
START 2026-09-13T18:56:56Z block1-d6-packing-rank_prefix
END 2026-09-13T18:58:07Z block1-d6-packing-rank_prefix
START 2026-09-13T18:58:07Z block1-d6-packing-fit_scan
END 2026-09-13T18:59:19Z block1-d6-packing-fit_scan
CAMPAIGN_FINISHED 2026-09-13T18:59:19Z
