absence_rotation.py: OK
campaign.json: OK
completion_headroom.py: OK
inputs_preparation/prepared/heterogeneous/config.json: OK
inputs_preparation/prepared/heterogeneous/workload.json: OK
inputs_preparation/prepared/long/config.json: OK
inputs_preparation/prepared/long/workload.json: OK
inputs_preparation/prepared/short/config.json: OK
inputs_preparation/prepared/short/workload.json: OK
ltr_recompute_native.py: OK
memory_telemetry.py: OK
metrics.py: OK
native_capture.py: OK
recovery_service_components.py: OK
restore_obligation.py: OK
rotation_native.py: OK
run.sh: OK
run_probe.py: OK
safe_static.py: OK
START 2026-09-14T14:33:30Z funding-block0-most_output
END 2026-09-14T14:34:40Z funding-block0-most_output
START 2026-09-14T14:34:40Z funding-block0-least_progress
END 2026-09-14T14:35:48Z funding-block0-least_progress
START 2026-09-14T14:35:48Z funding-block0-least_feasible
END 2026-09-14T14:36:57Z funding-block0-least_feasible
START 2026-09-14T14:36:57Z funding-block1-least_feasible
END 2026-09-14T14:38:06Z funding-block1-least_feasible
START 2026-09-14T14:38:06Z funding-block1-least_progress
END 2026-09-14T14:39:14Z funding-block1-least_progress
START 2026-09-14T14:39:14Z funding-block1-most_output
END 2026-09-14T14:40:22Z funding-block1-most_output
CAMPAIGN_FINISHED 2026-09-14T14:40:22Z
