Loading checkpoint shards:   0%|          | 0/3 [00:00<?, ?it/s]Loading checkpoint shards:  33%|███▎      | 1/3 [00:01<00:03,  1.69s/it]Loading checkpoint shards:  67%|██████▋   | 2/3 [00:03<00:01,  1.74s/it]Loading checkpoint shards: 100%|██████████| 3/3 [00:04<00:00,  1.52s/it]Loading checkpoint shards: 100%|██████████| 3/3 [00:04<00:00,  1.57s/it]
{
  "schema": "bcrd-continuous-capture-complete-v1",
  "status": "CAPTURE_COMPLETE",
  "run_class": "development",
  "formal_capture_candidate": false,
  "producer_formal_eligible": false,
  "scientific_result_eligible": false,
  "gate0_complete": false,
  "gate1_authorized": false,
  "qualification_scope": "producer candidate; independent audit still required",
  "model_load_seconds": 8.01533579826355,
  "workload_manifest_sha256": "47babe9d8f875fda3457a68ca83ee7d1274866ebc47013622691d1fc1b556a6d",
  "preregistration_sha256": "5664e1e457548b6564a1bf3d24af5c3d2d98c1d1ddbd6510a93556ea49042de4",
  "expected_requests": 16,
  "admitted_requests": 16,
  "completed_requests": 16,
  "failed_requests": 0,
  "filtered_requests": 0,
  "stop_reason_counts": {
    "max_decode_steps": 16
  },
  "decode_steps": 128,
  "router_invocations": 2048,
  "identity_closed_router_invocations": 2048,
  "route_contributions": 16384,
  "identity_closed_contributions": 16384,
  "serial_audit": {
    "status": "PASS_TOKEN_PARITY_ROUTE_BATCH_DEPENDENT",
    "requests": 4,
    "steps": 32,
    "layers": 512,
    "token_match_fraction": 1.0,
    "route_identity_match_fraction": 0.966796875,
    "route_assignment_step_match_fraction": 0.8125,
    "route_ordered_layer_match_fraction": 0.857421875,
    "route_identity_semantics": "per_layer_expert_assignment_multiset",
    "batch_dependent_route_observed": true,
    "difference_examples": [
      {
        "request_id": "olmoe-dev-steady-000",
        "decode_step": 1,
        "layer": 3,
        "batched_experts": [
          56,
          51,
          37,
          61,
          19,
          39,
          62,
          23
        ],
        "serial_experts": [
          56,
          51,
          37,
          61,
          19,
          39,
          40,
          23
        ]
      },
      {
        "request_id": "olmoe-dev-steady-000",
        "decode_step": 1,
        "layer": 7,
        "batched_experts": [
          61,
          36,
          13,
          38,
          47,
          1,
          45,
          11
        ],
        "serial_experts": [
          61,
          36,
          13,
          38,
          47,
          1,
          45,
          43
        ]
      },
      {
        "request_id": "olmoe-dev-steady-000",
        "decode_step": 1,
        "layer": 8,
        "batched_experts": [
          18,
          53,
          23,
          32,
          22,
          15,
          31,
          33
        ],
        "serial_experts": [
          18,
          53,
          23,
          32,
          22,
          15,
          5,
          31
        ]
      },
      {
        "request_id": "olmoe-dev-steady-001",
        "decode_step": 2,
        "layer": 5,
        "batched_experts": [
          57,
          21,
          0,
          1,
          41,
          60,
          13,
          2
        ],
        "serial_experts": [
          57,
          21,
          0,
          1,
          41,
          60,
          13,
          42
        ]
      },
      {
        "request_id": "olmoe-dev-steady-001",
        "decode_step": 2,
        "layer": 8,
        "batched_experts": [
          53,
          38,
          31,
          3,
          37,
          54,
          45,
          58
        ],
        "serial_experts": [
          53,
          38,
          31,
          3,
          37,
          45,
          54,
          18
        ]
      },
      {
        "request_id": "olmoe-dev-steady-001",
        "decode_step": 3,
        "layer": 10,
        "batched_experts": [
          42,
          35,
          32,
          33,
          56,
          21,
          15,
          27
        ],
        "serial_experts": [
          42,
          35,
          32,
          33,
          21,
          56,
          15,
          52
        ]
      },
      {
        "request_id": "olmoe-dev-steady-001",
        "decode_step": 3,
        "layer": 13,
        "batched_experts": [
          38,
          50,
          0,
          22,
          6,
          8,
          2,
          11
        ],
        "serial_experts": [
          38,
          50,
          0,
          22,
          6,
          2,
          8,
          16
        ]
      },
      {
        "request_id": "olmoe-dev-steady-002",
        "decode_step": 5,
        "layer": 4,
        "batched_experts": [
          22,
          60,
          38,
          20,
          39,
          40,
          50,
          47
        ],
        "serial_experts": [
          22,
          60,
          38,
          20,
          39,
          40,
          50,
          44
        ]
      },
      {
        "request_id": "olmoe-dev-steady-002",
        "decode_step": 5,
        "layer": 9,
        "batched_experts": [
          19,
          2,
          56,
          3,
          5,
          25,
          62,
          22
        ],
        "serial_experts": [
          19,
          2,
          56,
          3,
          5,
          25,
          29,
          62
        ]
      },
      {
        "request_id": "olmoe-dev-steady-002",
        "decode_step": 5,
        "layer": 10,
        "batched_experts": [
          25,
          26,
          52,
          15,
          21,
          22,
          51,
          63
        ],
        "serial_experts": [
          25,
          26,
          52,
          63,
          32,
          22,
          51,
          21
        ]
      },
      {
        "request_id": "olmoe-dev-steady-002",
        "decode_step": 5,
        "layer": 11,
        "batched_experts": [
          3,
          39,
          35,
          60,
          19,
          29,
          36,
          21
        ],
        "serial_experts": [
          3,
          39,
          35,
          60,
          19,
          29,
          2,
          36
        ]
      },
      {
        "request_id": "olmoe-dev-steady-003",
        "decode_step": 4,
        "layer": 0,
        "batched_experts": [
          49,
          46,
          10,
          8,
          6,
          21,
          47,
          16
        ],
        "serial_experts": [
          49,
          46,
          10,
          8,
          6,
          21,
          47,
          43
        ]
      },
      {
        "request_id": "olmoe-dev-steady-003",
        "decode_step": 4,
        "layer": 11,
        "batched_experts": [
          6,
          45,
          31,
          8,
          32,
          53,
          50,
          40
        ],
        "serial_experts": [
          6,
          45,
          31,
          8,
          32,
          53,
          50,
          48
        ]
      },
      {
        "request_id": "olmoe-dev-steady-003",
        "decode_step": 6,
        "layer": 1,
        "batched_experts": [
          53,
          37,
          41,
          42,
          48,
          2,
          45,
          36
        ],
        "serial_experts": [
          53,
          37,
          41,
          42,
          48,
          2,
          45,
          46
        ]
      },
      {
        "request_id": "olmoe-dev-steady-003",
        "decode_step": 6,
        "layer": 5,
        "batched_experts": [
          44,
          10,
          6,
          49,
          13,
          33,
          57,
          40
        ],
        "serial_experts": [
          44,
          10,
          6,
          49,
          33,
          13,
          57,
          27
        ]
      },
      {
        "request_id": "olmoe-dev-steady-003",
        "decode_step": 6,
        "layer": 6,
        "batched_experts": [
          20,
          35,
          9,
          28,
          61,
          45,
          26,
          42
        ],
        "serial_experts": [
          20,
          35,
          9,
          28,
          61,
          45,
          26,
          23
        ]
      }
    ],
    "topk_order_checked": true,
    "gate_weight_checked": false,
    "reference_type": "same-model serial cached-decode conformance diagnostic",
    "scientific_ground_truth": false,
    "development_wrapper": "/root/autodl-tmp/expert-saturation/probe/n0d-source-b141-r01/docs/ideas/route_shape_slo/v2_capacity_envelope/experiments/capture_dev_continuous_decode.py",
    "identity_summary": {
      "contributions": 16384,
      "tokens": 128,
      "requests": 16
    }
  },
  "decode_batch_size_histogram": {
    "4": 32
  },
  "active_set_changes": 3,
  "maximum_observed_decode_batch_size": 4,
  "timing_boundary": "model-call boundaries only; not layer/stage service timing",
  "formal_blockers_outside_gate0_a": [
    "no dispatch/expert/combine stage ledger",
    "no expert/dtype-complete service surface",
    "no full-path denominator",
    "Gate 0 completeness has not been audited"
  ],
  "files": {
    "routes.csv": "d0dd951bab011f57e548d12033de4fecfcfbabbd25b30ed52b1c93eb319aa332",
    "decode_batches.jsonl": "dae698362166723cd6c72f53c755cd1eb381878ae9eb18aadc39a10f876ed913",
    "request_ledger.jsonl": "33d9abdbba2292327c11e4fcf57f15179d806962b8a01a819d8ba8676151acfa",
    "workload_manifest.json": "47babe9d8f875fda3457a68ca83ee7d1274866ebc47013622691d1fc1b556a6d",
    "preregistration.json": "1896af295658e2554c1a9b05e8da7b3ac16d4c472c0f91048a853e164b0fa1a9",
    "environment.json": "30cd04eb49c1cd7f21e5ba265abb476ef7ede6416579a0edb0b467790667de2f",
    "serial_audit.json": "17da212e9837d5a7b04568b1fcabb9782cd8223f4e2f47fe396b1ad72ef014a4"
  }
}
