Traceback (most recent call last):
  File "/root/F_output_isolation/direct_encoding_20261009/native_semantics.py", line 348, in <module>
    main()
  File "/root/F_output_isolation/direct_encoding_20261009/native_semantics.py", line 314, in main
    raise RuntimeError(f"{arm} native semantic check failed\n{proc.stdout}\n{proc.stderr}")
RuntimeError: direct native semantic check failed

W1009 01:12:17.729000 65733 site-packages/torch/utils/cpp_extension.py:140] No CUDA runtime is found, using CUDA_HOME='/usr/local/cuda'
[transformers] Ignoring clean_up_tokenization_spaces=True for BPE tokenizer CachedGPTNeoXTokenizer. The clean_up_tokenization post-processing step is designed for WordPiece tokenizers and is destructive for BPE (it strips spaces before punctuation). Set clean_up_tokenization_spaces=False to suppress this warning, or set clean_up_tokenization_spaces_for_bpe_even_though_it_will_corrupt_output=True to force cleanup anyway.
Traceback (most recent call last):
  File "/root/F_output_isolation/direct_encoding_20261009/native_semantics.py", line 348, in <module>
    main()
  File "/root/F_output_isolation/direct_encoding_20261009/native_semantics.py", line 304, in main
    result = asyncio.run(worker(args.worker, args.model, args.capture))
             ^^^^^^^^^^^^^^^^^^^^^^^^^^^^^^^^^^^^^^^^^^^^^^^^^^^^^^^^^^
  File "/root/miniconda3/lib/python3.12/asyncio/runners.py", line 194, in run
    return runner.run(main)
           ^^^^^^^^^^^^^^^^
  File "/root/miniconda3/lib/python3.12/asyncio/runners.py", line 118, in run
    return self._loop.run_until_complete(task)
           ^^^^^^^^^^^^^^^^^^^^^^^^^^^^^^^^^^^
  File "/root/miniconda3/lib/python3.12/asyncio/base_events.py", line 687, in run_until_complete
    return future.result()
           ^^^^^^^^^^^^^^^
  File "/root/F_output_isolation/direct_encoding_20261009/native_semantics.py", line 247, in worker
    assert not bridge.prepared
               ^^^^^^^^^^^^^^^
AttributeError: 'DirectFrontend' object has no attribute 'prepared'

