Wrote /Users/zhaozhenyu/Desktop/毕业设计/D_prefill_budget_20261004/fixed-normal-r01/summary.json and /Users/zhaozhenyu/Desktop/毕业设计/D_prefill_budget_20261004/fixed-normal-r01/summary.csv (4 runs; all_valid=True)
00_fixed512: output=1038.279 token/s, joint=4.424 request/s, completed=36/36, mixed_steps=180, equal_timestamp_pairs=0
01_fixed2048: output=1105.809 token/s, joint=4.712 request/s, completed=36/36, mixed_steps=49, equal_timestamp_pairs=0
02_fixed2048: output=1105.007 token/s, joint=4.709 request/s, completed=36/36, mixed_steps=49, equal_timestamp_pairs=0
03_fixed512: output=1035.691 token/s, joint=4.413 request/s, completed=36/36, mixed_steps=180, equal_timestamp_pairs=0
Wrote /Users/zhaozhenyu/Desktop/毕业设计/D_prefill_budget_20261004/tuning-normal-r01/summary.json and /Users/zhaozhenyu/Desktop/毕业设计/D_prefill_budget_20261004/tuning-normal-r01/summary.csv (8 runs; all_valid=True)
00_fixed256: output=952.875 token/s, joint=4.061 request/s, completed=36/36, mixed_steps=360, equal_timestamp_pairs=0
01_fixed1024: output=1086.017 token/s, joint=4.628 request/s, completed=36/36, mixed_steps=92, equal_timestamp_pairs=0
02_decode: output=1038.240 token/s, joint=4.424 request/s, completed=36/36, mixed_steps=173, equal_timestamp_pairs=0
03_feedback: output=1087.889 token/s, joint=4.636 request/s, completed=36/36, mixed_steps=88, equal_timestamp_pairs=0
04_feedback: output=1087.086 token/s, joint=4.632 request/s, completed=36/36, mixed_steps=88, equal_timestamp_pairs=0
05_decode: output=1035.265 token/s, joint=4.412 request/s, completed=36/36, mixed_steps=173, equal_timestamp_pairs=0
06_fixed1024: output=1085.329 token/s, joint=4.625 request/s, completed=36/36, mixed_steps=92, equal_timestamp_pairs=0
07_fixed256: output=949.321 token/s, joint=4.045 request/s, completed=36/36, mixed_steps=360, equal_timestamp_pairs=0
Wrote /Users/zhaozhenyu/Desktop/毕业设计/D_prefill_budget_20261004/holdout-normal-r01/summary.json and /Users/zhaozhenyu/Desktop/毕业设计/D_prefill_budget_20261004/holdout-normal-r01/summary.csv (11 runs; all_valid=True)
00_fixed2048: output=1102.451 token/s, joint=4.698 request/s, completed=36/36, mixed_steps=48, equal_timestamp_pairs=0
01_fixed1024: output=1092.268 token/s, joint=4.655 request/s, completed=36/36, mixed_steps=91, equal_timestamp_pairs=0
02_decode: output=1041.856 token/s, joint=4.440 request/s, completed=36/36, mixed_steps=172, equal_timestamp_pairs=0
03_feedback: output=1094.117 token/s, joint=4.662 request/s, completed=36/36, mixed_steps=87, equal_timestamp_pairs=0
04_feedback: output=1094.710 token/s, joint=4.665 request/s, completed=36/36, mixed_steps=87, equal_timestamp_pairs=0
05_decode: output=1042.556 token/s, joint=4.443 request/s, completed=36/36, mixed_steps=172, equal_timestamp_pairs=0
06_fixed1024: output=1093.098 token/s, joint=4.658 request/s, completed=36/36, mixed_steps=91, equal_timestamp_pairs=0
07_fixed2048: output=1104.811 token/s, joint=4.708 request/s, completed=36/36, mixed_steps=49, equal_timestamp_pairs=0
08_fixed2048: output=1103.464 token/s, joint=4.702 request/s, completed=36/36, mixed_steps=48, equal_timestamp_pairs=0
09_decode: output=1042.117 token/s, joint=4.441 request/s, completed=36/36, mixed_steps=172, equal_timestamp_pairs=0
10_feedback: output=1092.497 token/s, joint=4.656 request/s, completed=36/36, mixed_steps=85, equal_timestamp_pairs=0
Wrote /Users/zhaozhenyu/Desktop/毕业设计/D_prefill_budget_20261004/high-normal-r01/summary.json and /Users/zhaozhenyu/Desktop/毕业设计/D_prefill_budget_20261004/high-normal-r01/summary.csv (8 runs; all_valid=True)
00_fixed2048: output=2235.396 token/s, joint=0.689 request/s, completed=160/160, mixed_steps=231, equal_timestamp_pairs=0
01_fixed1024: output=2117.753 token/s, joint=0.653 request/s, completed=160/160, mixed_steps=461, equal_timestamp_pairs=0
02_decode: output=1871.010 token/s, joint=1.106 request/s, completed=160/160, mixed_steps=913, equal_timestamp_pairs=0
03_feedback: output=1604.425 token/s, joint=1.134 request/s, completed=160/160, mixed_steps=1548, equal_timestamp_pairs=0
04_feedback: output=1597.372 token/s, joint=1.108 request/s, completed=160/160, mixed_steps=1564, equal_timestamp_pairs=0
05_decode: output=1864.206 token/s, joint=1.078 request/s, completed=160/160, mixed_steps=913, equal_timestamp_pairs=0
06_fixed1024: output=2111.649 token/s, joint=0.651 request/s, completed=160/160, mixed_steps=461, equal_timestamp_pairs=0
07_fixed2048: output=2228.861 token/s, joint=0.687 request/s, completed=160/160, mixed_steps=231, equal_timestamp_pairs=0
Wrote /Users/zhaozhenyu/Desktop/毕业设计/D_prefill_budget_20261004/low-normal-r01/summary.json and /Users/zhaozhenyu/Desktop/毕业设计/D_prefill_budget_20261004/low-normal-r01/summary.csv (6 runs; all_valid=True)
00_fixed2048: output=476.388 token/s, joint=2.030 request/s, completed=12/12, mixed_steps=15, equal_timestamp_pairs=0
01_decode: output=476.340 token/s, joint=2.030 request/s, completed=12/12, mixed_steps=15, equal_timestamp_pairs=0
02_feedback: output=476.415 token/s, joint=2.030 request/s, completed=12/12, mixed_steps=22, equal_timestamp_pairs=0
03_feedback: output=476.512 token/s, joint=2.031 request/s, completed=12/12, mixed_steps=23, equal_timestamp_pairs=0
04_decode: output=476.277 token/s, joint=2.030 request/s, completed=12/12, mixed_steps=15, equal_timestamp_pairs=0
05_fixed2048: output=475.208 token/s, joint=2.025 request/s, completed=12/12, mixed_steps=15, equal_timestamp_pairs=0
Wrote /Users/zhaozhenyu/Desktop/毕业设计/D_prefill_budget_20261004/extra-controls-dev/summary.json and /Users/zhaozhenyu/Desktop/毕业设计/D_prefill_budget_20261004/extra-controls-dev/summary.csv (6 runs; all_valid=True)
00_fixed1072: output=1093.755 token/s, joint=4.661 request/s, completed=36/36, mixed_steps=88, equal_timestamp_pairs=0
01_fixed3840: output=1102.968 token/s, joint=4.700 request/s, completed=36/36, mixed_steps=26, equal_timestamp_pairs=0
02_feedback: output=1086.740 token/s, joint=4.631 request/s, completed=36/36, mixed_steps=88, equal_timestamp_pairs=0
03_feedback: output=1087.234 token/s, joint=4.633 request/s, completed=36/36, mixed_steps=88, equal_timestamp_pairs=0
04_fixed3840: output=1103.561 token/s, joint=4.703 request/s, completed=36/36, mixed_steps=26, equal_timestamp_pairs=0
05_fixed1072: output=1093.228 token/s, joint=4.659 request/s, completed=36/36, mixed_steps=88, equal_timestamp_pairs=0
Wrote /Users/zhaozhenyu/Desktop/毕业设计/D_prefill_budget_20261004/extra-controls-high/summary.json and /Users/zhaozhenyu/Desktop/毕业设计/D_prefill_budget_20261004/extra-controls-high/summary.csv (12 runs; all_valid=True)
00_fixed3840: output=2280.727 token/s, joint=0.000 request/s, completed=160/160, mixed_steps=124, equal_timestamp_pairs=0
01_fixed256: output=1513.013 token/s, joint=0.778 request/s, completed=160/160, mixed_steps=1841, equal_timestamp_pairs=0
02_fixed512: output=1864.241 token/s, joint=1.078 request/s, completed=160/160, mixed_steps=921, equal_timestamp_pairs=0
03_fixed304: output=1621.330 token/s, joint=0.896 request/s, completed=160/160, mixed_steps=1550, equal_timestamp_pairs=0
04_fixed768: output=2027.553 token/s, joint=0.834 request/s, completed=160/160, mixed_steps=614, equal_timestamp_pairs=0
05_feedback: output=1606.195 token/s, joint=1.135 request/s, completed=160/160, mixed_steps=1548, equal_timestamp_pairs=0
06_feedback: output=1605.686 token/s, joint=1.114 request/s, completed=160/160, mixed_steps=1549, equal_timestamp_pairs=0
07_fixed768: output=2029.352 token/s, joint=0.834 request/s, completed=160/160, mixed_steps=614, equal_timestamp_pairs=0
08_fixed304: output=1622.960 token/s, joint=0.897 request/s, completed=160/160, mixed_steps=1550, equal_timestamp_pairs=0
09_fixed512: output=1852.239 token/s, joint=0.571 request/s, completed=160/160, mixed_steps=921, equal_timestamp_pairs=0
10_fixed256: output=1513.981 token/s, joint=0.778 request/s, completed=160/160, mixed_steps=1841, equal_timestamp_pairs=0
11_fixed3840: output=2266.226 token/s, joint=0.000 request/s, completed=160/160, mixed_steps=124, equal_timestamp_pairs=0
Wrote /Users/zhaozhenyu/Desktop/毕业设计/D_prefill_budget_20261004/extra-controls-high384/summary.json and /Users/zhaozhenyu/Desktop/毕业设计/D_prefill_budget_20261004/extra-controls-high384/summary.csv (2 runs; all_valid=True)
00_fixed384: output=1747.256 token/s, joint=1.078 request/s, completed=160/160, mixed_steps=1228, equal_timestamp_pairs=0
01_fixed384: output=1749.768 token/s, joint=1.079 request/s, completed=160/160, mixed_steps=1228, equal_timestamp_pairs=0
Generated numerical paper sections and campaign_summary.json
