Connection closed by 116.172.94.204 port 11155
ssh: Could not resolve hostname connect.weste.seetacloud.com: nodename nor servname provided, or not known
ssh: Could not resolve hostname connect.weste.seetacloud.com: nodename nor servname provided, or not known
ssh: Could not resolve hostname connect.weste.seetacloud.com: nodename nor servname provided, or not known
ssh: Could not resolve hostname connect.weste.seetacloud.com: nodename nor servname provided, or not known
ssh: Could not resolve hostname connect.weste.seetacloud.com: nodename nor servname provided, or not known
ssh: Could not resolve hostname connect.weste.seetacloud.com: nodename nor servname provided, or not known
ssh: Could not resolve hostname connect.weste.seetacloud.com: nodename nor servname provided, or not known
ssh: Could not resolve hostname connect.weste.seetacloud.com: nodename nor servname provided, or not known
ssh: Could not resolve hostname connect.weste.seetacloud.com: nodename nor servname provided, or not known
ssh: Could not resolve hostname connect.weste.seetacloud.com: nodename nor servname provided, or not known
ssh: Could not resolve hostname connect.weste.seetacloud.com: nodename nor servname provided, or not known
ssh: Could not resolve hostname connect.weste.seetacloud.com: nodename nor servname provided, or not known
ssh: Could not resolve hostname connect.weste.seetacloud.com: nodename nor servname provided, or not known
Traceback (most recent call last):
  File "/Users/leandrozhao/Desktop/、++++++++/refine-logs/expert_saturation/outputs/admission_capacity/20260910_kv_budget_r01/await_readiness_then_run_20260910.py", line 120, in <module>
    if __name__ == '__main__': main()
                               ~~~~^^
  File "/Users/leandrozhao/Desktop/、++++++++/refine-logs/expert_saturation/outputs/admission_capacity/20260910_kv_budget_r01/await_readiness_then_run_20260910.py", line 92, in main
    raise RuntimeError('Original downloader absent/replaced with missing shards')
RuntimeError: Original downloader absent/replaced with missing shards
