[olmoe] loading pinned revision 6d84c48581ece794365f2b8e9cfb043c68ade9c5
Loading checkpoint shards:   0%|          | 0/3 [00:00<?, ?it/s]Loading checkpoint shards:  67%|██████▋   | 2/3 [00:00<00:00, 12.86it/s]Loading checkpoint shards: 100%|██████████| 3/3 [00:00<00:00, 13.58it/s]
[olmoe] sealed feature 1/64
[olmoe] sealed feature 2/64
[olmoe] sealed feature 3/64
[olmoe] sealed feature 4/64
[olmoe] sealed feature 5/64
[olmoe] sealed feature 6/64
[olmoe] sealed feature 7/64
[olmoe] sealed feature 8/64
[olmoe] sealed feature 9/64
[olmoe] sealed feature 10/64
[olmoe] sealed feature 11/64
[olmoe] sealed feature 12/64
[olmoe] sealed feature 13/64
[olmoe] sealed feature 14/64
[olmoe] sealed feature 15/64
[olmoe] sealed feature 16/64
[olmoe] sealed feature 17/64
[olmoe] sealed feature 18/64
[olmoe] sealed feature 19/64
[olmoe] sealed feature 20/64
[olmoe] sealed feature 21/64
[olmoe] sealed feature 22/64
[olmoe] sealed feature 23/64
[olmoe] sealed feature 24/64
[olmoe] sealed feature 25/64
[olmoe] sealed feature 26/64
[olmoe] sealed feature 27/64
[olmoe] sealed feature 28/64
[olmoe] sealed feature 29/64
[olmoe] sealed feature 30/64
[olmoe] sealed feature 31/64
[olmoe] sealed feature 32/64
[olmoe] sealed feature 33/64
[olmoe] sealed feature 34/64
[olmoe] sealed feature 35/64
[olmoe] sealed feature 36/64
[olmoe] sealed feature 37/64
[olmoe] sealed feature 38/64
[olmoe] sealed feature 39/64
[olmoe] sealed feature 40/64
[olmoe] sealed feature 41/64
[olmoe] sealed feature 42/64
[olmoe] sealed feature 43/64
[olmoe] sealed feature 44/64
[olmoe] sealed feature 45/64
[olmoe] sealed feature 46/64
[olmoe] sealed feature 47/64
[olmoe] sealed feature 48/64
[olmoe] sealed feature 49/64
[olmoe] sealed feature 50/64
[olmoe] sealed feature 51/64
[olmoe] sealed feature 52/64
[olmoe] sealed feature 53/64
[olmoe] sealed feature 54/64
[olmoe] sealed feature 55/64
[olmoe] sealed feature 56/64
[olmoe] sealed feature 57/64
[olmoe] sealed feature 58/64
[olmoe] sealed feature 59/64
[olmoe] sealed feature 60/64
[olmoe] sealed feature 61/64
[olmoe] sealed feature 62/64
[olmoe] sealed feature 63/64
[olmoe] sealed feature 64/64
We detected that you are passing `past_key_values` as a tuple of tuples. This is deprecated and will be removed in v4.47. Please convert your cache or use an appropriate `Cache` class (https://huggingface.co/docs/transformers/kv_cache#legacy-cache-format)
[olmoe] sealed document 1/64 all arms
[olmoe] sealed document 2/64 all arms
[olmoe] sealed document 3/64 all arms
[olmoe] sealed document 4/64 all arms
[olmoe] sealed document 5/64 all arms
[olmoe] sealed document 6/64 all arms
[olmoe] sealed document 7/64 all arms
[olmoe] sealed document 8/64 all arms
[olmoe] sealed document 9/64 all arms
[olmoe] sealed document 10/64 all arms
[olmoe] sealed document 11/64 all arms
[olmoe] sealed document 12/64 all arms
[olmoe] sealed document 13/64 all arms
[olmoe] sealed document 14/64 all arms
[olmoe] sealed document 15/64 all arms
[olmoe] sealed document 16/64 all arms
[olmoe] sealed document 17/64 all arms
[olmoe] sealed document 18/64 all arms
[olmoe] sealed document 19/64 all arms
[olmoe] sealed document 20/64 all arms
[olmoe] sealed document 21/64 all arms
[olmoe] sealed document 22/64 all arms
[olmoe] sealed document 23/64 all arms
[olmoe] sealed document 24/64 all arms
[olmoe] sealed document 25/64 all arms
[olmoe] sealed document 26/64 all arms
[olmoe] sealed document 27/64 all arms
[olmoe] sealed document 28/64 all arms
[olmoe] sealed document 29/64 all arms
[olmoe] sealed document 30/64 all arms
[olmoe] sealed document 31/64 all arms
[olmoe] sealed document 32/64 all arms
[olmoe] sealed document 33/64 all arms
[olmoe] sealed document 34/64 all arms
[olmoe] sealed document 35/64 all arms
[olmoe] sealed document 36/64 all arms
[olmoe] sealed document 37/64 all arms
[olmoe] sealed document 38/64 all arms
[olmoe] sealed document 39/64 all arms
[olmoe] sealed document 40/64 all arms
[olmoe] sealed document 41/64 all arms
[olmoe] sealed document 42/64 all arms
[olmoe] sealed document 43/64 all arms
[olmoe] sealed document 44/64 all arms
[olmoe] sealed document 45/64 all arms
[olmoe] sealed document 46/64 all arms
[olmoe] sealed document 47/64 all arms
[olmoe] sealed document 48/64 all arms
[olmoe] sealed document 49/64 all arms
[olmoe] sealed document 50/64 all arms
[olmoe] sealed document 51/64 all arms
[olmoe] sealed document 52/64 all arms
[olmoe] sealed document 53/64 all arms
[olmoe] sealed document 54/64 all arms
[olmoe] sealed document 55/64 all arms
[olmoe] sealed document 56/64 all arms
[olmoe] sealed document 57/64 all arms
[olmoe] sealed document 58/64 all arms
[olmoe] sealed document 59/64 all arms
[olmoe] sealed document 60/64 all arms
[olmoe] sealed document 61/64 all arms
[olmoe] sealed document 62/64 all arms
[olmoe] sealed document 63/64 all arms
[olmoe] sealed document 64/64 all arms
[llmjp] loading pinned revision 1d5983076dfc67aee4a77ec06a27027f5bab6055
[llmjp] sealed feature 1/64
[llmjp] sealed feature 2/64
[llmjp] sealed feature 3/64
[llmjp] sealed feature 4/64
[llmjp] sealed feature 5/64
[llmjp] sealed feature 6/64
[llmjp] sealed feature 7/64
[llmjp] sealed feature 8/64
[llmjp] sealed feature 9/64
[llmjp] sealed feature 10/64
[llmjp] sealed feature 11/64
[llmjp] sealed feature 12/64
[llmjp] sealed feature 13/64
[llmjp] sealed feature 14/64
[llmjp] sealed feature 15/64
[llmjp] sealed feature 16/64
[llmjp] sealed feature 17/64
[llmjp] sealed feature 18/64
[llmjp] sealed feature 19/64
[llmjp] sealed feature 20/64
[llmjp] sealed feature 21/64
[llmjp] sealed feature 22/64
[llmjp] sealed feature 23/64
[llmjp] sealed feature 24/64
[llmjp] sealed feature 25/64
[llmjp] sealed feature 26/64
[llmjp] sealed feature 27/64
[llmjp] sealed feature 28/64
[llmjp] sealed feature 29/64
[llmjp] sealed feature 30/64
[llmjp] sealed feature 31/64
[llmjp] sealed feature 32/64
[llmjp] sealed feature 33/64
[llmjp] sealed feature 34/64
[llmjp] sealed feature 35/64
[llmjp] sealed feature 36/64
[llmjp] sealed feature 37/64
[llmjp] sealed feature 38/64
[llmjp] sealed feature 39/64
[llmjp] sealed feature 40/64
[llmjp] sealed feature 41/64
[llmjp] sealed feature 42/64
[llmjp] sealed feature 43/64
[llmjp] sealed feature 44/64
[llmjp] sealed feature 45/64
[llmjp] sealed feature 46/64
[llmjp] sealed feature 47/64
[llmjp] sealed feature 48/64
[llmjp] sealed feature 49/64
[llmjp] sealed feature 50/64
[llmjp] sealed feature 51/64
[llmjp] sealed feature 52/64
[llmjp] sealed feature 53/64
[llmjp] sealed feature 54/64
[llmjp] sealed feature 55/64
[llmjp] sealed feature 56/64
[llmjp] sealed feature 57/64
[llmjp] sealed feature 58/64
[llmjp] sealed feature 59/64
[llmjp] sealed feature 60/64
[llmjp] sealed feature 61/64
[llmjp] sealed feature 62/64
[llmjp] sealed feature 63/64
[llmjp] sealed feature 64/64
[llmjp] sealed document 1/64 all arms
[llmjp] sealed document 2/64 all arms
[llmjp] sealed document 3/64 all arms
[llmjp] sealed document 4/64 all arms
[llmjp] sealed document 5/64 all arms
[llmjp] sealed document 6/64 all arms
[llmjp] sealed document 7/64 all arms
[llmjp] sealed document 8/64 all arms
[llmjp] sealed document 9/64 all arms
[llmjp] sealed document 10/64 all arms
[llmjp] sealed document 11/64 all arms
[llmjp] sealed document 12/64 all arms
[llmjp] sealed document 13/64 all arms
[llmjp] sealed document 14/64 all arms
[llmjp] sealed document 15/64 all arms
[llmjp] sealed document 16/64 all arms
[llmjp] sealed document 17/64 all arms
[llmjp] sealed document 18/64 all arms
[llmjp] sealed document 19/64 all arms
[llmjp] sealed document 20/64 all arms
[llmjp] sealed document 21/64 all arms
[llmjp] sealed document 22/64 all arms
[llmjp] sealed document 23/64 all arms
[llmjp] sealed document 24/64 all arms
[llmjp] sealed document 25/64 all arms
[llmjp] sealed document 26/64 all arms
[llmjp] sealed document 27/64 all arms
[llmjp] sealed document 28/64 all arms
[llmjp] sealed document 29/64 all arms
[llmjp] sealed document 30/64 all arms
[llmjp] sealed document 31/64 all arms
[llmjp] sealed document 32/64 all arms
[llmjp] sealed document 33/64 all arms
[llmjp] sealed document 34/64 all arms
[llmjp] sealed document 35/64 all arms
[llmjp] sealed document 36/64 all arms
[llmjp] sealed document 37/64 all arms
[llmjp] sealed document 38/64 all arms
[llmjp] sealed document 39/64 all arms
[llmjp] sealed document 40/64 all arms
[llmjp] sealed document 41/64 all arms
[llmjp] sealed document 42/64 all arms
[llmjp] sealed document 43/64 all arms
[llmjp] sealed document 44/64 all arms
[llmjp] sealed document 45/64 all arms
[llmjp] sealed document 46/64 all arms
[llmjp] sealed document 47/64 all arms
[llmjp] sealed document 48/64 all arms
[llmjp] sealed document 49/64 all arms
[llmjp] sealed document 50/64 all arms
[llmjp] sealed document 51/64 all arms
[llmjp] sealed document 52/64 all arms
[llmjp] sealed document 53/64 all arms
[llmjp] sealed document 54/64 all arms
[llmjp] sealed document 55/64 all arms
[llmjp] sealed document 56/64 all arms
[llmjp] sealed document 57/64 all arms
[llmjp] sealed document 58/64 all arms
[llmjp] sealed document 59/64 all arms
[llmjp] sealed document 60/64 all arms
[llmjp] sealed document 61/64 all arms
[llmjp] sealed document 62/64 all arms
[llmjp] sealed document 63/64 all arms
[llmjp] sealed document 64/64 all arms
