absence_rotation.py: OK
campaign.json: OK
host_budget_envelope.py: OK
host_budget_observed.py: OK
inputs/config.json: OK
inputs/workload.json: OK
memory_telemetry.py: OK
metrics.py: OK
native_capture.py: OK
rotation_native.py: OK
run.sh: OK
run_streaming_recovery.py: OK
safe_static.py: OK
warmups/long/config.json: OK
warmups/long/workload.json: OK
warmups/short/config.json: OK
warmups/short/workload.json: OK
START 2026-09-14T02:50:47Z stream-block0-native
{"status": "COMPLETE_OBSERVED_ONLY", "receipt": "/root/autodl-tmp/moe-streaming-recovery-20260914-r01/results/stream-block0-native-host/terminal.json"}
END 2026-09-14T02:52:22Z stream-block0-native
START 2026-09-14T02:52:22Z stream-block0-most_output
{"status": "COMPLETE_OBSERVED_ONLY", "receipt": "/root/autodl-tmp/moe-streaming-recovery-20260914-r01/results/stream-block0-most_output-host/terminal.json"}
END 2026-09-14T02:53:56Z stream-block0-most_output
START 2026-09-14T02:53:56Z stream-block1-most_output
{"status": "COMPLETE_OBSERVED_ONLY", "receipt": "/root/autodl-tmp/moe-streaming-recovery-20260914-r01/results/stream-block1-most_output-host/terminal.json"}
END 2026-09-14T02:55:31Z stream-block1-most_output
START 2026-09-14T02:55:31Z stream-block1-native
{"status": "COMPLETE_OBSERVED_ONLY", "receipt": "/root/autodl-tmp/moe-streaming-recovery-20260914-r01/results/stream-block1-native-host/terminal.json"}
END 2026-09-14T02:57:06Z stream-block1-native
CAMPAIGN_FINISHED 2026-09-14T02:57:06Z
