targeted_tests
exit_code=0
/Users/leandrozhao/Desktop/、++++++++/.venv/lib/python3.9/site-packages/urllib3/__init__.py:35: NotOpenSSLWarning: urllib3 v2 only supports OpenSSL 1.1.1+, currently the 'ssl' module is compiled with 'LibreSSL 2.8.3'. See: https://github.com/urllib3/urllib3/issues/3020
  warnings.warn(
test_frozen_request_document_arrival_and_prompt_identity (test_analyze_capacity.AnalyzeCapacityTest) ... ok
test_missing_cell_and_failed_request_keep_denominator_and_partial_state (test_analyze_capacity.AnalyzeCapacityTest) ... ok
test_no_cells_remains_unrun_without_tokenized_workload (test_analyze_capacity.AnalyzeCapacityTest) ... ok
test_on_future_tokens_membership_and_timing_are_diagnostics (test_analyze_capacity.AnalyzeCapacityTest) ... ok
test_all_arrivals_denominator_retains_failed_and_unfinished (test_metrics.RequestMetricsTest) ... ok
test_early_abort_keeps_planned_future_without_inventing_arrivals (test_metrics.RequestMetricsTest) ... ok
test_observation_end_covers_arrival_token_and_completion (test_metrics.RequestMetricsTest) ... ok
test_queue_in_ttft_and_mean_tpot_not_completion_time (test_metrics.RequestMetricsTest) ... ok
test_reversed_times_and_misaligned_token_ids_are_invalid (test_metrics.RequestMetricsTest) ... ok
test_single_token_tpot_is_null_and_only_completed_is_vacuous (test_metrics.RequestMetricsTest) ... ok
test_zero_duration_is_explicit (test_metrics.RequestMetricsTest) ... ok
test_lower_target_waits_for_existing_cohort_and_records_delay (test_runtime.AdmissionRuntimeTest) ... ok
test_pressure_values_and_zero_token_nulls (test_runtime.AdmissionRuntimeTest) ... ok
test_static_cap_changes_actual_admission_and_full_active_decode (test_runtime.AdmissionRuntimeTest) ... ok
test_telemetry_preserves_output_tokens_on_same_configuration (test_runtime.AdmissionRuntimeTest) ... ok

----------------------------------------------------------------------
Ran 15 tests in 0.088s

OK

prepared_reuse
exit_code=0
/Users/leandrozhao/Desktop/、++++++++/.venv/lib/python3.9/site-packages/urllib3/__init__.py:35: NotOpenSSLWarning: urllib3 v2 only supports OpenSSL 1.1.1+, currently the 'ssl' module is compiled with 'LibreSSL 2.8.3'. See: https://github.com/urllib3/urllib3/issues/3020
  warnings.warn(
`torch_dtype` is deprecated! Use `dtype` instead!
Prepared 16 exact prompts and 24 cells; GPU experiment UNRUN.

gpu_absent
exit_code=1
/Users/leandrozhao/Desktop/、++++++++/.venv/lib/python3.9/site-packages/urllib3/__init__.py:35: NotOpenSSLWarning: urllib3 v2 only supports OpenSSL 1.1.1+, currently the 'ssl' module is compiled with 'LibreSSL 2.8.3'. See: https://github.com/urllib3/urllib3/issues/3020
  warnings.warn(
`torch_dtype` is deprecated! Use `dtype` instead!
RuntimeError: CUDA unavailable; pretrained GPU capacity experiment is UNRUN

analysis_unrun
exit_code=0

token_drift
exit_code=1
Traceback (most recent call last):
  File "/Users/leandrozhao/Desktop/、++++++++/refine-logs/expert_saturation/experiments/admission_capacity/run_capacity.py", line 301, in <module>
    raise SystemExit(main())
  File "/Users/leandrozhao/Desktop/、++++++++/refine-logs/expert_saturation/experiments/admission_capacity/run_capacity.py", line 164, in main
    validate_prepared(prepared_workload, config, source)
  File "/Users/leandrozhao/Desktop/、++++++++/refine-logs/expert_saturation/experiments/admission_capacity/run_capacity.py", line 84, in validate_prepared
    raise ValueError("prepared prompt token identity drift")
ValueError: prepared prompt token identity drift

arrival_drift
exit_code=1
Traceback (most recent call last):
  File "/Users/leandrozhao/Desktop/、++++++++/refine-logs/expert_saturation/experiments/admission_capacity/run_capacity.py", line 301, in <module>
    raise SystemExit(main())
  File "/Users/leandrozhao/Desktop/、++++++++/refine-logs/expert_saturation/experiments/admission_capacity/run_capacity.py", line 164, in main
    validate_prepared(prepared_workload, config, source)
  File "/Users/leandrozhao/Desktop/、++++++++/refine-logs/expert_saturation/experiments/admission_capacity/run_capacity.py", line 86, in validate_prepared
    raise ValueError("prepared arrival trace drift")
ValueError: prepared arrival trace drift
