/Users/leandrozhao/Desktop/毕设论文资料/.venv/lib/python3.9/site-packages/urllib3/__init__.py:35: NotOpenSSLWarning: urllib3 v2 only supports OpenSSL 1.1.1+, currently the 'ssl' module is compiled with 'LibreSSL 2.8.3'. See: https://github.com/urllib3/urllib3/issues/3020
  warnings.warn(
loading MMLU calibration/test splits...
Loading checkpoint shards:   0%|          | 0/3 [00:00<?, ?it/s]Loading checkpoint shards:  33%|███▎      | 1/3 [00:09<00:18,  9.45s/it]Loading checkpoint shards:  67%|██████▋   | 2/3 [00:17<00:08,  8.79s/it]Loading checkpoint shards: 100%|██████████| 3/3 [00:24<00:00,  7.95s/it]Loading checkpoint shards: 100%|██████████| 3/3 [00:24<00:00,  8.24s/it]
model loaded in 25.7s; choice tokens=[329, 378, 330, 399]; kept calibration=32, test=64
[calibration/balanced] 32/32
[bf16_reference/balanced] 32/64 acc=0.2500
[bf16_reference/balanced] 64/64 acc=0.3594
[uniform_full/balanced] 32/64 acc=0.2500
[uniform_full/balanced] 64/64 acc=0.3594
[uniform_low/balanced] 32/64 acc=0.2188
[uniform_low/balanced] 64/64 acc=0.3438
[calib_static/balanced] 32/64 acc=0.2500
[calib_static/balanced] 64/64 acc=0.3906
[causal_no_hysteresis/balanced] 32/64 acc=0.1875
[causal_no_hysteresis/balanced] 64/64 acc=0.3594
[controller/balanced] 32/64 acc=0.2812
[controller/balanced] 64/64 acc=0.3750
[uniform_full/hotspot] 32/64 acc=0.2500
[uniform_full/hotspot] 64/64 acc=0.3750
[uniform_low/hotspot] 32/64 acc=0.1875
[uniform_low/hotspot] 64/64 acc=0.3125
[calib_static/hotspot] 32/64 acc=0.1875
[calib_static/hotspot] 64/64 acc=0.3125
[causal_no_hysteresis/hotspot] 32/64 acc=0.1875
[causal_no_hysteresis/hotspot] 64/64 acc=0.3281
[controller/hotspot] 32/64 acc=0.2812
[controller/hotspot] 64/64 acc=0.3906
model origin_mode                  arm  n_questions  bf16_reference_accuracy  uniform_full_accuracy  accuracy  absolute_accuracy_delta_vs_bf16  absolute_accuracy_delta_ci_low  absolute_accuracy_delta_ci_high  incremental_accuracy_delta_vs_uniform_full  incremental_accuracy_harm  incremental_accuracy_delta_ci_low  incremental_accuracy_delta_ci_high  cvar_incremental_positive_accuracy_harm  cvar_incremental_positive_accuracy_harm_ci_low  cvar_incremental_positive_accuracy_harm_ci_high  lost_correct_questions_vs_bf16  gained_correct_questions_vs_bf16  mean_absolute_nll_harm_vs_bf16  mean_absolute_nll_harm_ci_low  mean_absolute_nll_harm_ci_high  mean_incremental_nll_harm_vs_uniform_full  mean_incremental_nll_harm_ci_low  mean_incremental_nll_harm_ci_high  mean_incremental_positive_nll_harm  cvar_incremental_nll_harm  cvar_incremental_nll_harm_ci_low  cvar_incremental_nll_harm_ci_high  cvar_incremental_positive_nll_harm  cvar_incremental_positive_nll_harm_ci_low  cvar_incremental_positive_nll_harm_ci_high  worst_incremental_positive_nll_harm  mean_margin_harm  remote_pairs  low_pairs  measured_low_frac  simulated_saving_fraction  simulated_saving_optimistic_codec  simulated_saving_serialized_tiles_codec  simulated_baseline_us  simulated_policy_us  simulated_policy_us_optimistic_codec  simulated_policy_us_serialized_tiles_codec                                                                                           saving_evidence
olmoe    balanced         uniform_full           64                 0.359375               0.359375  0.359375                         0.000000                        0.000000                         0.000000                                    0.000000                   0.000000                           0.000000                            0.000000                                 0.000000                                        0.000000                                              0.0                               0                                 0                        0.001430                      -0.007996                        0.011163                                   0.000000                          0.000000                           0.000000                            0.000000                   0.000000                          0.000000                           0.000000                            0.000000                                   0.000000                                    0.000000                             0.000000          0.014526        313476          0           0.000000                   0.000000                           0.000000                                 0.000000             4901.65344          4901.653440                           4901.653440                                 4901.653440 same-action analytic bottleneck wire time + measured codec sensitivity bounds; not real NCCL/RDMA latency
olmoe    balanced          uniform_low           64                 0.359375               0.359375  0.343750                        -0.015625                       -0.109375                         0.078125                                   -0.015625                   0.015625                          -0.109375                            0.078125                                 0.714286                                        0.142857                                              1.0                               5                                 4                       -0.052980                      -0.114214                        0.005247                                  -0.054409                         -0.114679                           0.005631                            0.069050                   0.350654                          0.251028                           0.433901                            0.350654                                   0.247741                                    0.435788                             0.530931          0.042603        313789     313789           1.000000                   0.164590                           0.164590                              -107.126323             4927.83696          4116.762364                           4116.762364                               532828.891318 same-action analytic bottleneck wire time + measured codec sensitivity bounds; not real NCCL/RDMA latency
olmoe    balanced         calib_static           64                 0.359375               0.359375  0.390625                         0.031250                       -0.046875                         0.125000                                    0.031250                   0.000000                          -0.062500                            0.109375                                 0.428571                                        0.000000                                              1.0                               3                                 5                       -0.017820                      -0.062488                        0.022843                                  -0.019249                         -0.065298                           0.021087                            0.050768                   0.300525                          0.211824                           0.386428                            0.300525                                   0.211162                                    0.383265                             0.530931          0.040161        313513     137682           0.439159                  -0.128328                          -0.128328                               -47.082680             4900.66848          5529.561884                           5529.561884                               235637.275908 same-action analytic bottleneck wire time + measured codec sensitivity bounds; not real NCCL/RDMA latency
olmoe    balanced causal_no_hysteresis           64                 0.359375               0.359375  0.359375                         0.000000                       -0.109375                         0.109375                                    0.000000                   0.000000                          -0.093750                            0.109375                                 0.857143                                        0.285714                                              1.0                               6                                 6                       -0.040047                      -0.105274                        0.021904                                  -0.041476                         -0.104176                           0.018807                            0.082936                   0.386006                          0.274914                           0.459494                            0.386006                                   0.277891                                    0.457346                             0.530931          0.064453        313637     217337           0.692957                  -0.017640                          -0.017640                               -74.180412             4919.38272          5006.160445                           5006.160445                               369841.220012 same-action analytic bottleneck wire time + measured codec sensitivity bounds; not real NCCL/RDMA latency
olmoe    balanced           controller           64                 0.359375               0.359375  0.375000                         0.015625                       -0.109375                         0.140625                                    0.015625                   0.000000                          -0.093750                            0.125000                                 0.857143                                        0.285714                                              1.0                               6                                 7                       -0.014220                      -0.086005                        0.050306                                  -0.015650                         -0.081414                           0.047609                            0.095371                   0.435654                          0.304701                           0.601632                            0.435654                                   0.300969                                    0.601632                             0.794165          0.061035        313506     289276           0.922713                   0.134781                           0.134781                               -98.816647             4925.21040          4261.384445                           4261.384445                               491617.986461 same-action analytic bottleneck wire time + measured codec sensitivity bounds; not real NCCL/RDMA latency
olmoe     hotspot         uniform_full           64                 0.359375               0.375000  0.375000                         0.015625                        0.000000                         0.046875                                    0.000000                   0.000000                           0.000000                            0.000000                                 0.000000                                        0.000000                                              0.0                               0                                 1                       -0.001386                      -0.012175                        0.009854                                   0.000000                          0.000000                           0.000000                            0.000000                   0.000000                          0.000000                           0.000000                            0.000000                                   0.000000                                    0.000000                             0.000000          0.006348        313031          0           0.000000                   0.000000                           0.000000                                 0.000000            13489.51968         13489.519680                          13489.519680                                13489.519680 same-action analytic bottleneck wire time + measured codec sensitivity bounds; not real NCCL/RDMA latency
olmoe     hotspot          uniform_low           64                 0.359375               0.375000  0.312500                        -0.046875                       -0.140625                         0.046875                                   -0.062500                   0.062500                          -0.156250                            0.031250                                 1.000000                                        0.425000                                              1.0                               7                                 4                       -0.022117                      -0.072894                        0.029330                                  -0.020731                         -0.074660                           0.034080                            0.075024                   0.368540                          0.260901                           0.472584                            0.368540                                   0.262622                                    0.466555                             0.530931          0.054688        313150     313150           1.000000                   0.376836                           0.376836                               -38.784993            13487.54976          8404.961564                           8404.961564                               536602.077729 same-action analytic bottleneck wire time + measured codec sensitivity bounds; not real NCCL/RDMA latency
olmoe     hotspot         calib_static           64                 0.359375               0.375000  0.312500                        -0.046875                       -0.125000                         0.031250                                   -0.062500                   0.062500                          -0.140625                            0.000000                                 0.714286                                        0.142857                                              1.0                               5                                 2                       -0.007599                      -0.046066                        0.030248                                  -0.006213                         -0.046349                           0.034438                            0.053819                   0.266853                          0.172390                           0.362581                            0.266853                                   0.169397                                    0.369259                             0.471915          0.010376        313053     207361           0.662383                   0.376836                           0.376836                               -25.000457            13487.54976          8404.961564                           8404.961564                               350682.460982 same-action analytic bottleneck wire time + measured codec sensitivity bounds; not real NCCL/RDMA latency
olmoe     hotspot causal_no_hysteresis           64                 0.359375               0.375000  0.328125                        -0.031250                       -0.109375                         0.046875                                   -0.046875                   0.046875                          -0.125000                            0.015625                                 0.571429                                        0.142857                                              1.0                               4                                 2                       -0.017917                      -0.052748                        0.015681                                  -0.016531                         -0.055024                           0.020909                            0.044497                   0.254286                          0.146747                           0.356937                            0.254286                                   0.148467                                    0.367503                             0.478407          0.011230        313131     226314           0.722745                   0.365795                           0.365795                               -27.359815            13493.13120          8557.411005                           8557.411005                               382662.700770 same-action analytic bottleneck wire time + measured codec sensitivity bounds; not real NCCL/RDMA latency
olmoe     hotspot           controller           64                 0.359375               0.375000  0.390625                         0.031250                       -0.062500                         0.109375                                    0.015625                   0.000000                          -0.062500                            0.093750                                 0.428571                                        0.000000                                              1.0                               3                                 5                       -0.017706                      -0.056670                        0.020235                                  -0.016320                         -0.055708                           0.027064                            0.049147                   0.294472                          0.157478                           0.443556                            0.294472                                   0.153139                                    0.450873                             0.674240          0.002441        313079     232900           0.743902                   0.365795                           0.365795                               -28.199522            13493.13120          8557.411005                           8557.411005                               393992.982123 same-action analytic bottleneck wire time + measured codec sensitivity bounds; not real NCCL/RDMA latency

Task-harm lambda winners (selected codec model):
origin_mode                              harm_basis  lambda                   winner  winner_reward
   balanced               incremental_accuracy_harm     0.0              uniform_low       0.164590
   balanced               incremental_accuracy_harm     0.1              uniform_low       0.163028
   balanced               incremental_accuracy_harm     0.2              uniform_low       0.161465
   balanced               incremental_accuracy_harm     0.5              uniform_low       0.156778
   balanced               incremental_accuracy_harm     1.0              uniform_low       0.148965
   balanced               incremental_accuracy_harm     2.0               controller       0.134781
   balanced               incremental_accuracy_harm     5.0               controller       0.134781
   balanced               incremental_accuracy_harm    10.0               controller       0.134781
   balanced cvar_incremental_positive_accuracy_harm     0.0              uniform_low       0.164590
   balanced cvar_incremental_positive_accuracy_harm     0.1              uniform_low       0.093162
   balanced cvar_incremental_positive_accuracy_harm     0.2              uniform_low       0.021733
   balanced cvar_incremental_positive_accuracy_harm     0.5             uniform_full       0.000000
   balanced cvar_incremental_positive_accuracy_harm     1.0             uniform_full       0.000000
   balanced cvar_incremental_positive_accuracy_harm     2.0             uniform_full       0.000000
   balanced cvar_incremental_positive_accuracy_harm     5.0             uniform_full       0.000000
   balanced cvar_incremental_positive_accuracy_harm    10.0             uniform_full       0.000000
   balanced      mean_incremental_positive_nll_harm     0.0              uniform_low       0.164590
   balanced      mean_incremental_positive_nll_harm     0.1              uniform_low       0.157685
   balanced      mean_incremental_positive_nll_harm     0.2              uniform_low       0.150780
   balanced      mean_incremental_positive_nll_harm     0.5              uniform_low       0.130065
   balanced      mean_incremental_positive_nll_harm     1.0              uniform_low       0.095541
   balanced      mean_incremental_positive_nll_harm     2.0              uniform_low       0.026491
   balanced      mean_incremental_positive_nll_harm     5.0             uniform_full       0.000000
   balanced      mean_incremental_positive_nll_harm    10.0             uniform_full       0.000000
   balanced      cvar_incremental_positive_nll_harm     0.0              uniform_low       0.164590
   balanced      cvar_incremental_positive_nll_harm     0.1              uniform_low       0.129525
   balanced      cvar_incremental_positive_nll_harm     0.2              uniform_low       0.094460
   balanced      cvar_incremental_positive_nll_harm     0.5             uniform_full       0.000000
   balanced      cvar_incremental_positive_nll_harm     1.0             uniform_full       0.000000
   balanced      cvar_incremental_positive_nll_harm     2.0             uniform_full       0.000000
   balanced      cvar_incremental_positive_nll_harm     5.0             uniform_full       0.000000
   balanced      cvar_incremental_positive_nll_harm    10.0             uniform_full       0.000000
    hotspot               incremental_accuracy_harm     0.0 uniform_low;calib_static       0.376836
    hotspot               incremental_accuracy_harm     0.1 uniform_low;calib_static       0.370586
    hotspot               incremental_accuracy_harm     0.2               controller       0.365795
    hotspot               incremental_accuracy_harm     0.5               controller       0.365795
    hotspot               incremental_accuracy_harm     1.0               controller       0.365795
    hotspot               incremental_accuracy_harm     2.0               controller       0.365795
    hotspot               incremental_accuracy_harm     5.0               controller       0.365795
    hotspot               incremental_accuracy_harm    10.0               controller       0.365795
    hotspot cvar_incremental_positive_accuracy_harm     0.0 uniform_low;calib_static       0.376836
    hotspot cvar_incremental_positive_accuracy_harm     0.1               controller       0.322938
    hotspot cvar_incremental_positive_accuracy_harm     0.2               controller       0.280081
    hotspot cvar_incremental_positive_accuracy_harm     0.5               controller       0.151509
    hotspot cvar_incremental_positive_accuracy_harm     1.0             uniform_full       0.000000
    hotspot cvar_incremental_positive_accuracy_harm     2.0             uniform_full       0.000000
    hotspot cvar_incremental_positive_accuracy_harm     5.0             uniform_full       0.000000
    hotspot cvar_incremental_positive_accuracy_harm    10.0             uniform_full       0.000000
    hotspot      mean_incremental_positive_nll_harm     0.0 uniform_low;calib_static       0.376836
    hotspot      mean_incremental_positive_nll_harm     0.1             calib_static       0.371454
    hotspot      mean_incremental_positive_nll_harm     0.2             calib_static       0.366072
    hotspot      mean_incremental_positive_nll_harm     0.5             calib_static       0.349926
    hotspot      mean_incremental_positive_nll_harm     1.0             calib_static       0.323017
    hotspot      mean_incremental_positive_nll_harm     2.0     causal_no_hysteresis       0.276801
    hotspot      mean_incremental_positive_nll_harm     5.0     causal_no_hysteresis       0.143310
    hotspot      mean_incremental_positive_nll_harm    10.0             uniform_full       0.000000
    hotspot      cvar_incremental_positive_nll_harm     0.0 uniform_low;calib_static       0.376836
    hotspot      cvar_incremental_positive_nll_harm     0.1             calib_static       0.350150
    hotspot      cvar_incremental_positive_nll_harm     0.2             calib_static       0.323465
    hotspot      cvar_incremental_positive_nll_harm     0.5             calib_static       0.243409
    hotspot      cvar_incremental_positive_nll_harm     1.0     causal_no_hysteresis       0.111509
    hotspot      cvar_incremental_positive_nll_harm     2.0             uniform_full       0.000000
    hotspot      cvar_incremental_positive_nll_harm     5.0             uniform_full       0.000000
    hotspot      cvar_incremental_positive_nll_harm    10.0             uniform_full       0.000000

Exact selected-codec intervals where a fine online arm wins:
model origin_mode              saving_basis                              harm_basis  lambda_low  lambda_high              winners  fine_online_wins  coarse_only
olmoe    balanced simulated_saving_fraction               incremental_accuracy_harm    1.907786          inf           controller              True        False
olmoe     hotspot simulated_saving_fraction               incremental_accuracy_harm    0.176648          inf           controller              True        False
olmoe     hotspot simulated_saving_fraction cvar_incremental_positive_accuracy_harm    0.038642     0.853522           controller              True        False
olmoe     hotspot simulated_saving_fraction      mean_incremental_positive_nll_harm    1.184362     8.220649 causal_no_hysteresis              True        False
olmoe     hotspot simulated_saving_fraction      cvar_incremental_positive_nll_harm    0.878502     1.438520 causal_no_hysteresis              True        False

saved to outputs/receiver_task_quality_olmoe_cpu_batch32_n64_2026-07-21
