`torch_dtype` is deprecated! Use `dtype` instead!
Loading checkpoint shards:   0%|          | 0/3 [00:00<?, ?it/s]Loading checkpoint shards:  67%|██████▋   | 2/3 [00:00<00:00, 15.33it/s]Loading checkpoint shards: 100%|██████████| 3/3 [00:00<00:00, 16.76it/s]
{"cell": 0, "repeat": 0, "regime": "steady", "cap": 6, "telemetry": false, "status": "COMPLETE", "goodput_rps": 1.7396467229152341, "slo_attainment": 0.9375, "throughput_rps": 1.8556231711095832, "n_completed": 16, "ttft_p50_s": 2.6185995023697615, "tpot_p50_s": 0.17629662031928697, "U_mean": null, "C_mean": null}
{"cell": 1, "repeat": 0, "regime": "steady", "cap": 6, "telemetry": true, "status": "COMPLETE", "goodput_rps": 1.6241083092386357, "slo_attainment": 0.875, "throughput_rps": 1.8561237819870122, "n_completed": 16, "ttft_p50_s": 2.764573462307453, "tpot_p50_s": 0.1786402389407158, "U_mean": 0.4215087890625, "C_mean": 5.964062589531143}
{"cell": 2, "repeat": 0, "regime": "bursty", "cap": 6, "telemetry": false, "status": "COMPLETE", "goodput_rps": 1.7827183595058176, "slo_attainment": 0.9375, "throughput_rps": 1.9015662501395387, "n_completed": 16, "ttft_p50_s": 2.6713658031076193, "tpot_p50_s": 0.1772036605825027, "U_mean": null, "C_mean": null}
{"cell": 3, "repeat": 0, "regime": "bursty", "cap": 6, "telemetry": true, "status": "COMPLETE", "goodput_rps": 1.466403712216529, "slo_attainment": 0.8125, "throughput_rps": 1.8048045688818817, "n_completed": 16, "ttft_p50_s": 3.0069532487541437, "tpot_p50_s": 0.18300720391174158, "U_mean": 0.4215087890625, "C_mean": 5.964062589531143}
`torch_dtype` is deprecated! Use `dtype` instead!
Loading checkpoint shards:   0%|          | 0/3 [00:00<?, ?it/s]Loading checkpoint shards:  67%|██████▋   | 2/3 [00:00<00:00, 15.32it/s]Loading checkpoint shards: 100%|██████████| 3/3 [00:00<00:00, 16.82it/s]
{"cell": 0, "repeat": 0, "regime": "steady", "cap": 6, "telemetry": false, "status": "COMPLETE", "goodput_rps": 1.4938459646463553, "slo_attainment": 0.8125, "throughput_rps": 1.8385796487955142, "n_completed": 16, "ttft_p50_s": 2.130381513386965, "tpot_p50_s": 0.1860349679986636, "U_mean": null, "C_mean": null}
{"cell": 1, "repeat": 0, "regime": "steady", "cap": 6, "telemetry": true, "status": "COMPLETE", "goodput_rps": 1.3481190963806602, "slo_attainment": 0.75, "throughput_rps": 1.797492128507547, "n_completed": 16, "ttft_p50_s": 2.195644063875079, "tpot_p50_s": 0.1852919681618611, "U_mean": 0.4110514322916667, "C_mean": 5.975756514817476}
{"cell": 2, "repeat": 0, "regime": "bursty", "cap": 6, "telemetry": false, "status": "COMPLETE", "goodput_rps": 1.3504182540975953, "slo_attainment": 0.75, "throughput_rps": 1.8005576721301269, "n_completed": 16, "ttft_p50_s": 2.347551455721259, "tpot_p50_s": 0.18813532690207163, "U_mean": null, "C_mean": null}
{"cell": 3, "repeat": 0, "regime": "bursty", "cap": 6, "telemetry": true, "status": "COMPLETE", "goodput_rps": 0.6463665739485375, "slo_attainment": 0.375, "throughput_rps": 1.7236441971960998, "n_completed": 16, "ttft_p50_s": 2.480958914384246, "tpot_p50_s": 0.20085410711665946, "U_mean": 0.4110514322916667, "C_mean": 5.975756514817476}
`torch_dtype` is deprecated! Use `dtype` instead!
Loading checkpoint shards:   0%|          | 0/3 [00:00<?, ?it/s]Loading checkpoint shards:  67%|██████▋   | 2/3 [00:00<00:00, 15.13it/s]Loading checkpoint shards: 100%|██████████| 3/3 [00:00<00:00, 16.71it/s]
{"cell": 0, "repeat": 0, "regime": "steady", "cap": 6, "telemetry": false, "status": "COMPLETE", "goodput_rps": 1.3081298666689958, "slo_attainment": 0.75, "throughput_rps": 1.744173155558661, "n_completed": 16, "ttft_p50_s": 2.2600480169057846, "tpot_p50_s": 0.19427328978975614, "U_mean": null, "C_mean": null}
{"cell": 1, "repeat": 0, "regime": "steady", "cap": 6, "telemetry": true, "status": "COMPLETE", "goodput_rps": 1.3142561254667202, "slo_attainment": 0.75, "throughput_rps": 1.7523415006222935, "n_completed": 16, "ttft_p50_s": 2.2626185584813356, "tpot_p50_s": 0.19170279341439406, "U_mean": 0.4110514322916667, "C_mean": 5.975756514817476}
{"cell": 2, "repeat": 0, "regime": "bursty", "cap": 6, "telemetry": false, "status": "COMPLETE", "goodput_rps": 1.4425461525521943, "slo_attainment": 0.8125, "throughput_rps": 1.7754414185257776, "n_completed": 16, "ttft_p50_s": 2.191725989803672, "tpot_p50_s": 0.19078401153286298, "U_mean": null, "C_mean": null}
{"cell": 3, "repeat": 0, "regime": "bursty", "cap": 6, "telemetry": true, "status": "COMPLETE", "goodput_rps": 1.3349838225770465, "slo_attainment": 0.75, "throughput_rps": 1.7799784301027288, "n_completed": 16, "ttft_p50_s": 2.2894874792546034, "tpot_p50_s": 0.18888334557414055, "U_mean": 0.4110514322916667, "C_mean": 5.975756514817476}
`torch_dtype` is deprecated! Use `dtype` instead!
Loading checkpoint shards:   0%|          | 0/3 [00:00<?, ?it/s]Loading checkpoint shards:  67%|██████▋   | 2/3 [00:00<00:00, 14.52it/s]Loading checkpoint shards: 100%|██████████| 3/3 [00:00<00:00, 15.95it/s]
{"cell": 0, "repeat": 0, "regime": "steady", "cap": 6, "telemetry": false, "status": "COMPLETE", "goodput_rps": 1.9607678823037555, "slo_attainment": 1.0, "throughput_rps": 1.9607678823037555, "n_completed": 16, "ttft_p50_s": 2.450375221669674, "tpot_p50_s": 0.17099313052992027, "U_mean": null, "C_mean": null}
{"cell": 1, "repeat": 0, "regime": "steady", "cap": 6, "telemetry": true, "status": "COMPLETE", "goodput_rps": 1.9469710513155185, "slo_attainment": 1.0, "throughput_rps": 1.9469710513155185, "n_completed": 16, "ttft_p50_s": 2.583640433847904, "tpot_p50_s": 0.17364927381277084, "U_mean": 0.4215087890625, "C_mean": 5.964062589531143}
{"cell": 2, "repeat": 0, "regime": "bursty", "cap": 6, "telemetry": false, "status": "COMPLETE", "goodput_rps": 1.7971654383730533, "slo_attainment": 0.9375, "throughput_rps": 1.9169764675979235, "n_completed": 16, "ttft_p50_s": 2.621886283159256, "tpot_p50_s": 0.17579664140939713, "U_mean": null, "C_mean": null}
{"cell": 3, "repeat": 0, "regime": "bursty", "cap": 6, "telemetry": true, "status": "COMPLETE", "goodput_rps": 1.4688223315996387, "slo_attainment": 0.8125, "throughput_rps": 1.8077813311995554, "n_completed": 16, "ttft_p50_s": 2.959936525672674, "tpot_p50_s": 0.18801298749943574, "U_mean": 0.4215087890625, "C_mean": 5.964062589531143}
